Microchip MPLAB XC8 Compiler V1.34 ()

Linker command line:

--edf=C:\Program Files (x86)\Microchip\xc8\v1.34\dat\en_msgs.txt -cs \
  -h+dist/default/production\ABS.production.sym \
  --cmf=dist/default/production\ABS.production.cmf -z -Q18F4480 \
  -oC:\Users\simone\AppData\Local\Temp\s47s.6 \
  -Mdist/default/production/ABS.production.map -E1 -ver=XC8 \
  -ASTACK=0118h-02ffh -pstack=STACK -ACODE=00h-03FFFh -ACONST=00h-03FFFh \
  -ASMALLCONST=0300h-03FFhx61 -AMEDIUMCONST=0300h-03FFFh -ACOMRAM=01h-05Fh \
  -AABS1=00h-02FFh -ABIGRAM=01h-02FFh -ARAM=060h-0FFh,0100h-01FFhx2 \
  -ABANK0=060h-0FFh -ABANK1=0100h-01FFh -ABANK2=0200h-02FFh \
  -ASFR=0D00h-0DFFhx2,0F00h-0F5Fh,0F60h-0FFFh \
  -preset_vec=00h,intcode=08h,intcodelo=018h,powerup,init,end_init \
  -pramtop=0300h -psmallconst=SMALLCONST -pmediumconst=MEDIUMCONST \
  -pconst=CONST -AFARRAM=00h-00h -ACONFIG=0300000h-030000Dh -pconfig=CONFIG \
  -AIDLOC=0200000h-0200007h -pidloc=IDLOC -AEEDATA=0F00000h-0F000FFh \
  -peeprom_data=EEDATA \
  -prdata=COMRAM,nvrram=COMRAM,nvbit=COMRAM,rbss=COMRAM,rbit=COMRAM \
  -pfarbss=FARRAM,fardata=FARRAM,nvFARRAM=FARRAM \
  -pintsave_regs=BIGRAM,bigbss=BIGRAM,bigdata=BIGRAM -pbss=RAM \
  -pidata=CODE,irdata=CODE,ibigdata=CODE,ifardata=CODE -pparam0=BANK0 \
  C:\Users\simone\AppData\Local\Temp\s47s.obj \
  dist/default/production\ABS.production.obj 

Object code version is 3.11

Machine type is 18F4480

Call graph: (short form)




                Name                               Link     Load   Length Selector   Space Scale
C:\Users\simone\AppData\Local\Temp\s47s.obj
                end_init                            18E      18E        4        C       0
                reset_vec                             0        0        4        0       0
                idloc                            200000   200000        8   200000       0
                config                           300000   300000        E   300000       0
dist/default/production\ABS.production.obj
                intcodelo                            18       18      176        C       0
                intcode                               8        8       10        4       0
                text24                             2D34     2D34       12        C       0
                text23                             2AD4     2AD4       82        C       0
                text22                             28A6     28A6       D0        C       0
                text21                             2CA6     2CA6       38        C       0
                intcode_body                       2040     2040      300        C       0
                text19                             2D1C     2D1C       18        C       0
                text18                             145C     145C      52E        C       0
                text17                             2C28     2C28       46        C       0
                text15                             2D54     2D54        E        C       0
                text14                             2D46     2D46        E        C       0
                text13                             26AA     26AA      12C        C       0
                text12                             27D6     27D6       D0        C       0
                text11                             2976     2976       C6        C       0
                text10                             2B56     2B56       7A        C       0
                text9                              2D04     2D04       18        C       0
                text8                               192      192      B2A        C       0
                text7                              198A     198A      3AA        C       0
                text6                              2340     2340      1CE        C       0
                text5                              2A3C     2A3C       98        C       0
                text4                              2CDE     2CDE       26        C       0
                text3                               CBC      CBC      7A0        C       0
                text2                              2C6E     2C6E       38        C       0
                text1                              250E     250E      19C        C       0
                text0                              1D34     1D34      30C        C       0
                cstackCOMRAM                         2A       2A       1E        1       1
                cstackBANK0                          A9       A9       2A       60       1
                cstackBANK1                         100      100       18      100       1
                dataBANK0                            D3       D3        8       60       1
                bssBANK0                             60       60       49       60       1
                dataCOMRAM                           4A       4A        1        1       1
                bssCOMRAM                             1        1       29        1       1
                bitbssCOMRAM                        240       48        C        1       1     8
                cinit                              2BD0     2BD0       58        C       0
                idataBANK0                         2D62     2D62        8        C       0
                idataCOMRAM                        2D6A     2D6A        1        C       0

TOTAL           Name                               Link     Load   Length     Space
        CLASS   STACK          

        CLASS   CODE           
                end_init                            18E      18E        4         0
                intcodelo                            18       18      176         0
                intcode                               8        8       10         0
                reset_vec                             0        0        4         0
                text24                             2D34     2D34       12         0
                text23                             2AD4     2AD4       82         0
                text22                             28A6     28A6       D0         0
                text21                             2CA6     2CA6       38         0
                intcode_body                       2040     2040      300         0
                text19                             2D1C     2D1C       18         0
                text18                             145C     145C      52E         0
                text17                             2C28     2C28       46         0
                text15                             2D54     2D54        E         0
                text14                             2D46     2D46        E         0
                text13                             26AA     26AA      12C         0
                text12                             27D6     27D6       D0         0
                text11                             2976     2976       C6         0
                text10                             2B56     2B56       7A         0
                text9                              2D04     2D04       18         0
                text8                               192      192      B2A         0
                text7                              198A     198A      3AA         0
                text6                              2340     2340      1CE         0
                text5                              2A3C     2A3C       98         0
                text4                              2CDE     2CDE       26         0
                text3                               CBC      CBC      7A0         0
                text2                              2C6E     2C6E       38         0
                text1                              250E     250E      19C         0
                text0                              1D34     1D34      30C         0
                cinit                              2BD0     2BD0       58         0
                idataBANK0                         2D62     2D62        8         0
                idataCOMRAM                        2D6A     2D6A        1         0

        CLASS   CONST          

        CLASS   SMALLCONST     

        CLASS   MEDIUMCONST    

        CLASS   COMRAM         
                cstackCOMRAM                         2A       2A       1E         1
                dataCOMRAM                           4A       4A        1         1
                bssCOMRAM                             1        1       29         1
                bitbssCOMRAM                        240       48        C         1

        CLASS   ABS1           

        CLASS   BIGRAM         

        CLASS   RAM            

        CLASS   BANK0          
                cstackBANK0                          A9       A9       2A         1
                dataBANK0                            D3       D3        8         1
                bssBANK0                             60       60       49         1

        CLASS   BANK1          
                cstackBANK1                         100      100       18         1

        CLASS   BANK2          

        CLASS   SFR            

        CLASS   FARRAM         

        CLASS   CONFIG         
                config                           300000   300000        E         0

        CLASS   IDLOC          
                idloc                            200000   200000        8         0

        CLASS   EEDATA         



SEGMENTS        Name                           Load    Length   Top    Selector   Space  Class

                reset_vec                      000000  000004  000004         0       0  CODE    
                bssCOMRAM                      000001  00004A  00004B         1       1  COMRAM  
                intcode                        000008  000010  000018         4       0  CODE    
                intcodelo                      000018  002D53  002D6B         C       0  CODE    
                bssBANK0                       000060  00007B  0000DB        60       1  BANK0   
                cstackBANK1                    000100  000018  000118       100       1  BANK1   
                idloc                          200000  000008  200008    200000       0  IDLOC   
                config                         300000  00000E  30000E    300000       0  CONFIG  


UNUSED ADDRESS RANGES

        Name                Unused          Largest block    Delta
        BANK0            0000DB-0000FF               25
        BANK1            000118-0001FF               E8
        BANK2            000200-0002FF              100
        BIGRAM           00004B-00005F               15
                         0000DB-0000FF               25
                         000118-0002FF              1E8
        CODE             000004-000007                4
                         002D6B-003FFF             1295
        COMRAM           00004B-00005F               15
        CONST            000004-000007                4
                         002D6B-003FFF             1295
        EEDATA           F00000-F000FF              100
        MEDIUMCONST      002D6B-003FFF             1295
        RAM              0000DB-0000FF               25
                         000118-0002FF               E8
        SFR              000D00-000FFF              100
        SMALLCONST       002D6B-003FFF              100
        STACK            000118-0002FF              1E8

                                  Symbol Table

?___aldiv                      cstackBANK1  000108
?___awdiv                      cstackBANK0  0000CD
?___lldiv                      cstackBANK1  000100
?___lmul                       cstackBANK1  000100
?___lwdiv                      cstackBANK0  0000A9
?___wmul                       cstackBANK0  0000CD
?i2___awdiv                    cstackBANK0  0000AF
?i2___wmul                     cstackBANK0  0000A9
CANInitialize@BRP              cstackBANK1  00010C
CANInitialize@FilterConfig1    cstackBANK1  000113
CANInitialize@FilterConfig2    cstackBANK1  000114
CANInitialize@SJW              cstackBANK1  00010B
CANInitialize@flags            cstackBANK1  00010D
CANInitialize@phaseSeg1        cstackBANK1  000109
CANInitialize@phaseSeg2        cstackBANK1  00010A
CANInitialize@propSeg          cstackBANK1  000112
CANOperationMode@mode          cstackBANK0  0000CD
CANSetFilter@filter            cstackBANK0  0000CD
CANSetFilter@numBuffer         cstackBANK1  000104
CANSetFilter@tamp              cstackBANK1  000105
CANSetFilter@type              cstackBANK0  0000D1
CANSetMask@mask                cstackBANK0  0000CD
CANSetMask@numBuffer           cstackBANK1  000104
CANSetMask@tamp                cstackBANK1  000105
CANSetMask@type                cstackBANK0  0000D1
CANreceiveMessage@error        cstackCOMRAM 000034
CANreceiveMessage@msg          cstackCOMRAM 00002A
CANreceiveMessage@tamp         cstackCOMRAM 000035
CANsendMessage@data            cstackBANK1  000104
CANsendMessage@dataLength      cstackBANK1  000106
CANsendMessage@flags           cstackBANK1  000107
CANsendMessage@identifier      cstackBANK1  000100
CANsendMessage@tamp            cstackBANK1  000108
WriteTimer0@timer              cstackBANK0  0000AB
WriteTimer0@timer0             cstackBANK0  0000A9
_Analogic_Mode                 bssCOMRAM    000023
_BRGCON1                       (abs)        000F70
_BRGCON2                       (abs)        000F71
_BRGCON2bits                   (abs)        000F71
_BRGCON3                       (abs)        000F72
_BRGCON3bits                   (abs)        000F72
_CANCON                        (abs)        000F6F
_CANCONbits                    (abs)        000F6F
_CANInitialize                 text6        002340
_CANOperationMode              text9        002D04
_CANSTAT                       (abs)        000F6E
_CANSetFilter                  text8        000192
_CANSetMask                    text7        00198A
_CANisRXwarningON              text15       002D54
_CANisRxReady                  text19       002D1C
_CANisRxReady$3175             cstackCOMRAM 00002A
_CANisTXwarningON              text14       002D46
_CANisTxReady                  text4        002CDE
_CANisTxReady$3173             cstackBANK0  0000CD
_CANreceiveMessage             text18       00145C
_CANsendMessage                text3        000CBC
_COMSTATbits                   (abs)        000F74
_ENC1_measure                  bitbssCOMRAM 000240
_ENC2_measure                  bitbssCOMRAM 000241
_INTCON2bits                   (abs)        000FF1
_INTCON3bits                   (abs)        000FF0
_INTCONbits                    (abs)        000FF2
_IPR1bits                      (abs)        000F9F
_IPR2bits                      (abs)        000FA2
_IPR3bits                      (abs)        000FA5
_ISR_Alta                      intcode      000008
_ISR_Bassa                     intcodelo    000018
_LATA                          (abs)        000F89
_LATB                          (abs)        000F8A
_LATC                          (abs)        000F8B
_LATD                          (abs)        000F8C
_LATE                          (abs)        000F8D
_PIE1bits                      (abs)        000F9D
_PIE2bits                      (abs)        000FA0
_PIE3bits                      (abs)        000FA3
_PIR1bits                      (abs)        000F9E
_PIR2bits                      (abs)        000FA1
_PIR3bits                      (abs)        000FA4
_PORTAbits                     (abs)        000F80
_PORTCbits                     (abs)        000F82
_RCONbits                      (abs)        000FD0
_RXB0CON                       (abs)        000F60
_RXB0CONbits                   (abs)        000F60
_RXB0D0                        (abs)        000F66
_RXB0D1                        (abs)        000F67
_RXB0D2                        (abs)        000F68
_RXB0D3                        (abs)        000F69
_RXB0D4                        (abs)        000F6A
_RXB0D5                        (abs)        000F6B
_RXB0D6                        (abs)        000F6C
_RXB0D7                        (abs)        000F6D
_RXB0DLC                       (abs)        000F65
_RXB0DLCbits                   (abs)        000F65
_RXB0EIDH                      (abs)        000F63
_RXB0EIDL                      (abs)        000F64
_RXB0SIDH                      (abs)        000F61
_RXB0SIDL                      (abs)        000F62
_RXB0SIDLbits                  (abs)        000F62
_RXB1CON                       (abs)        000F50
_RXB1CONbits                   (abs)        000F50
_RXB1D0                        (abs)        000F56
_RXB1D1                        (abs)        000F57
_RXB1D2                        (abs)        000F58
_RXB1D3                        (abs)        000F59
_RXB1D4                        (abs)        000F5A
_RXB1D5                        (abs)        000F5B
_RXB1D6                        (abs)        000F5C
_RXB1D7                        (abs)        000F5D
_RXB1DLC                       (abs)        000F55
_RXB1DLCbits                   (abs)        000F55
_RXB1EIDH                      (abs)        000F53
_RXB1EIDL                      (abs)        000F54
_RXB1SIDH                      (abs)        000F51
_RXB1SIDL                      (abs)        000F52
_RXB1SIDLbits                  (abs)        000F52
_RXERRCNT                      (abs)        000F75
_RXF0EIDH                      (abs)        000F02
_RXF0EIDL                      (abs)        000F03
_RXF0SIDH                      (abs)        000F00
_RXF0SIDL                      (abs)        000F01
_RXF0SIDLbits                  (abs)        000F01
_RXF1EIDH                      (abs)        000F06
_RXF1EIDL                      (abs)        000F07
_RXF1SIDH                      (abs)        000F04
_RXF1SIDL                      (abs)        000F05
_RXF1SIDLbits                  (abs)        000F05
_RXF2EIDH                      (abs)        000F0A
_RXF2EIDL                      (abs)        000F0B
_RXF2SIDH                      (abs)        000F08
_RXF2SIDL                      (abs)        000F09
_RXF2SIDLbits                  (abs)        000F09
_RXF3EIDH                      (abs)        000F0E
_RXF3EIDL                      (abs)        000F0F
_RXF3SIDH                      (abs)        000F0C
_RXF3SIDL                      (abs)        000F0D
_RXF3SIDLbits                  (abs)        000F0D
_RXF4EIDH                      (abs)        000F12
_RXF4EIDL                      (abs)        000F13
_RXF4SIDH                      (abs)        000F10
_RXF4SIDL                      (abs)        000F11
_RXF4SIDLbits                  (abs)        000F11
_RXF5EIDH                      (abs)        000F16
_RXF5EIDL                      (abs)        000F17
_RXF5SIDH                      (abs)        000F14
_RXF5SIDL                      (abs)        000F15
_RXF5SIDLbits                  (abs)        000F15
_RXM0EIDH                      (abs)        000F1A
_RXM0EIDL                      (abs)        000F1B
_RXM0SIDH                      (abs)        000F18
_RXM0SIDL                      (abs)        000F19
_RXM0SIDLbits                  (abs)        000F19
_RXM1EIDH                      (abs)        000F1E
_RXM1EIDL                      (abs)        000F1F
_RXM1SIDH                      (abs)        000F1C
_RXM1SIDL                      (abs)        000F1D
_RXM1SIDLbits                  (abs)        000F1D
_T0CON                         (abs)        000FD5
_T0CONbits                     (abs)        000FD5
_T1CON                         (abs)        000FCD
_T1CONbits                     (abs)        000FCD
_T3CON                         (abs)        000FB1
_T3CONbits                     (abs)        000FB1
_TMR0H                         (abs)        000FD7
_TMR0L                         (abs)        000FD6
_TMR1H                         (abs)        000FCF
_TMR1L                         (abs)        000FCE
_TMR1_overflow                 bitbssCOMRAM 000242
_TMR3H                         (abs)        000FB3
_TMR3L                         (abs)        000FB2
_TMR3_overflow                 bitbssCOMRAM 000243
_TRISA                         (abs)        000F92
_TRISB                         (abs)        000F93
_TRISC                         (abs)        000F94
_TRISD                         (abs)        000F95
_TRISE                         (abs)        000F96
_TXB0CONbits                   (abs)        000F40
_TXB0D0                        (abs)        000F46
_TXB0D1                        (abs)        000F47
_TXB0D2                        (abs)        000F48
_TXB0D3                        (abs)        000F49
_TXB0D4                        (abs)        000F4A
_TXB0D5                        (abs)        000F4B
_TXB0D6                        (abs)        000F4C
_TXB0D7                        (abs)        000F4D
_TXB0DLC                       (abs)        000F45
_TXB0DLCbits                   (abs)        000F45
_TXB0EIDH                      (abs)        000F43
_TXB0EIDL                      (abs)        000F44
_TXB0SIDH                      (abs)        000F41
_TXB0SIDL                      (abs)        000F42
_TXB0SIDLbits                  (abs)        000F42
_TXB1CONbits                   (abs)        000F30
_TXB1D0                        (abs)        000F36
_TXB1D1                        (abs)        000F37
_TXB1D2                        (abs)        000F38
_TXB1D3                        (abs)        000F39
_TXB1D4                        (abs)        000F3A
_TXB1D5                        (abs)        000F3B
_TXB1D6                        (abs)        000F3C
_TXB1D7                        (abs)        000F3D
_TXB1DLC                       (abs)        000F35
_TXB1DLCbits                   (abs)        000F35
_TXB1EIDH                      (abs)        000F33
_TXB1EIDL                      (abs)        000F34
_TXB1SIDH                      (abs)        000F31
_TXB1SIDL                      (abs)        000F32
_TXB1SIDLbits                  (abs)        000F32
_TXB2CONbits                   (abs)        000F20
_TXB2D0                        (abs)        000F26
_TXB2D1                        (abs)        000F27
_TXB2D2                        (abs)        000F28
_TXB2D3                        (abs)        000F29
_TXB2D4                        (abs)        000F2A
_TXB2D5                        (abs)        000F2B
_TXB2D6                        (abs)        000F2C
_TXB2D7                        (abs)        000F2D
_TXB2DLC                       (abs)        000F25
_TXB2DLCbits                   (abs)        000F25
_TXB2EIDH                      (abs)        000F23
_TXB2EIDL                      (abs)        000F24
_TXB2SIDH                      (abs)        000F21
_TXB2SIDL                      (abs)        000F22
_TXB2SIDLbits                  (abs)        000F22
_TXERRCNT                      (abs)        000F76
_Tx_retry                      bitbssCOMRAM 000244
_WriteTimer0                   text24       002D34
__CFG_BBSIZ$1024               (abs)        000000
__CFG_BOREN$BOHW               (abs)        000000
__CFG_BORV$3                   (abs)        000000
__CFG_CP0$OFF                  (abs)        000000
__CFG_CP1$OFF                  (abs)        000000
__CFG_CPB$OFF                  (abs)        000000
__CFG_CPD$OFF                  (abs)        000000
__CFG_EBTR0$OFF                (abs)        000000
__CFG_EBTR1$OFF                (abs)        000000
__CFG_EBTRB$OFF                (abs)        000000
__CFG_FCMEN$OFF                (abs)        000000
__CFG_IESO$OFF                 (abs)        000000
__CFG_LPT1OSC$OFF              (abs)        000000
__CFG_LVP$OFF                  (abs)        000000
__CFG_MCLRE$ON                 (abs)        000000
__CFG_OSC$HS                   (abs)        000000
__CFG_PBADEN$OFF               (abs)        000000
__CFG_PWRT$OFF                 (abs)        000000
__CFG_STVREN$ON                (abs)        000000
__CFG_WDT$OFF                  (abs)        000000
__CFG_WDTPS$32768              (abs)        000000
__CFG_WRT0$OFF                 (abs)        000000
__CFG_WRT1$OFF                 (abs)        000000
__CFG_WRTB$OFF                 (abs)        000000
__CFG_WRTC$OFF                 (abs)        000000
__CFG_WRTD$OFF                 (abs)        000000
__CFG_XINST$OFF                (abs)        000000
__HRAM                         (abs)        000000
__Habs1                        abs1         000000
__Hbank0                       bank0        000000
__Hbank1                       bank1        000000
__Hbank2                       bank2        000000
__Hbigbss                      bigbss       000000
__Hbigdata                     bigdata      000000
__Hbigram                      bigram       000000
__HbitbssCOMRAM                bitbssCOMRAM 000000
__Hbss                         bss          000000
__HbssBANK0                    bssBANK0     000000
__HbssCOMRAM                   bssCOMRAM    000000
__Hcinit                       cinit        000000
__Hclrtext                     clrtext      000000
__Hcomram                      comram       000000
__Hconfig                      config       30000E
__Hconst                       const        000000
__HcstackBANK0                 cstackBANK0  000000
__HcstackBANK1                 cstackBANK1  000000
__HcstackCOMRAM                cstackCOMRAM 000000
__Hdata                        data         000000
__HdataBANK0                   dataBANK0    000000
__HdataCOMRAM                  dataCOMRAM   000000
__Heeprom_data                 eeprom_data  000000
__Hend_init                    end_init     000192
__Hfarbss                      farbss       000000
__Hfardata                     fardata      000000
__Hibigdata                    ibigdata     000000
__Hidata                       idata        000000
__HidataBANK0                  idataBANK0   000000
__HidataCOMRAM                 idataCOMRAM  000000
__Hidloc                       idloc        200008
__Hifardata                    ifardata     000000
__Hinit                        init         00018E
__Hintcode                     intcode      000018
__Hintcode_body                intcode_body 000000
__Hintcodelo                   intcodelo    00018E
__Hintentry                    intentry     000000
__Hintret                      intret       000000
__Hintsave_regs                intsave_regs 000000
__Hirdata                      irdata       000000
__Hmediumconst                 mediumconst  000000
__HnvFARRAM                    nvFARRAM     000000
__Hnvbit                       nvbit        000000
__Hnvrram                      nvrram       000000
__Hparam                       param0       000000
__Hparam0                      param0       000000
__Hpowerup                     powerup      00018E
__Hram                         ram          000000
__Hramtop                      ramtop       000300
__Hrbit                        rbit         000000
__Hrbss                        rbss         000000
__Hrdata                       rdata        000000
__Hreset_vec                   reset_vec    000004
__Hsfr                         sfr          000000
__Hsmallconst                  smallconst   000000
__Hspace_0                     (abs)        30000E
__Hspace_1                     (abs)        00024C
__Hspace_2                     (abs)        000000
__Hstack                       stack        000000
__Hstruct                      struct       000000
__Htemp                        temp         000000
__Htext                        text         000000
__Htext0                       text0        000000
__Htext1                       text1        000000
__Htext10                      text10       000000
__Htext11                      text11       000000
__Htext12                      text12       000000
__Htext13                      text13       000000
__Htext14                      text14       000000
__Htext15                      text15       000000
__Htext17                      text17       000000
__Htext18                      text18       000000
__Htext19                      text19       000000
__Htext2                       text2        000000
__Htext21                      text21       000000
__Htext22                      text22       000000
__Htext23                      text23       000000
__Htext24                      text24       000000
__Htext3                       text3        000000
__Htext4                       text4        000000
__Htext5                       text5        000000
__Htext6                       text6        000000
__Htext7                       text7        000000
__Htext8                       text8        000000
__Htext9                       text9        000000
__LRAM                         (abs)        000001
__Labs1                        abs1         000000
__Lbank0                       bank0        000000
__Lbank1                       bank1        000000
__Lbank2                       bank2        000000
__Lbigbss                      bigbss       000000
__Lbigdata                     bigdata      000000
__Lbigram                      bigram       000000
__LbitbssCOMRAM                bitbssCOMRAM 000000
__Lbss                         bss          000000
__LbssBANK0                    bssBANK0     000000
__LbssCOMRAM                   bssCOMRAM    000000
__Lcinit                       cinit        000000
__Lclrtext                     clrtext      000000
__Lcomram                      comram       000000
__Lconfig                      config       300000
__Lconst                       const        000000
__LcstackBANK0                 cstackBANK0  000000
__LcstackBANK1                 cstackBANK1  000000
__LcstackCOMRAM                cstackCOMRAM 000000
__Ldata                        data         000000
__LdataBANK0                   dataBANK0    000000
__LdataCOMRAM                  dataCOMRAM   000000
__Leeprom_data                 eeprom_data  000000
__Lend_init                    end_init     00018E
__Lfarbss                      farbss       000000
__Lfardata                     fardata      000000
__Libigdata                    ibigdata     000000
__Lidata                       idata        000000
__LidataBANK0                  idataBANK0   000000
__LidataCOMRAM                 idataCOMRAM  000000
__Lidloc                       idloc        200000
__Lifardata                    ifardata     000000
__Linit                        init         00018E
__Lintcode                     intcode      000008
__Lintcode_body                intcode_body 000000
__Lintcodelo                   intcodelo    000018
__Lintentry                    intentry     000000
__Lintret                      intret       000000
__Lintsave_regs                intsave_regs 000000
__Lirdata                      irdata       000000
__Lmediumconst                 mediumconst  000000
__LnvFARRAM                    nvFARRAM     000000
__Lnvbit                       nvbit        000000
__Lnvrram                      nvrram       000000
__Lparam                       param0       000000
__Lparam0                      param0       000000
__Lpowerup                     powerup      00018E
__Lram                         ram          000000
__Lramtop                      ramtop       000300
__Lrbit                        rbit         000000
__Lrbss                        rbss         000000
__Lrdata                       rdata        000000
__Lreset_vec                   reset_vec    000000
__Lsfr                         sfr          000000
__Lsmallconst                  smallconst   000000
__Lspace_0                     (abs)        000000
__Lspace_1                     (abs)        000000
__Lspace_2                     (abs)        000000
__Lstack                       stack        000000
__Lstruct                      struct       000000
__Ltemp                        temp         000000
__Ltext                        text         000000
__Ltext0                       text0        000000
__Ltext1                       text1        000000
__Ltext10                      text10       000000
__Ltext11                      text11       000000
__Ltext12                      text12       000000
__Ltext13                      text13       000000
__Ltext14                      text14       000000
__Ltext15                      text15       000000
__Ltext17                      text17       000000
__Ltext18                      text18       000000
__Ltext19                      text19       000000
__Ltext2                       text2        000000
__Ltext21                      text21       000000
__Ltext22                      text22       000000
__Ltext23                      text23       000000
__Ltext24                      text24       000000
__Ltext3                       text3        000000
__Ltext4                       text4        000000
__Ltext5                       text5        000000
__Ltext6                       text6        000000
__Ltext7                       text7        000000
__Ltext8                       text8        000000
__Ltext9                       text9        000000
__S0                           (abs)        30000E
__S1                           (abs)        000118
__S2                           (abs)        000000
___aldiv                       text13       0026AA
___aldiv@counter               cstackBANK1  000110
___aldiv@dividend              cstackBANK1  000108
___aldiv@divisor               cstackBANK1  00010C
___aldiv@quotient              cstackBANK1  000112
___aldiv@sign                  cstackBANK1  000111
___awdiv                       text12       0027D6
___awdiv@counter               cstackBANK1  000100
___awdiv@dividend              cstackBANK0  0000CD
___awdiv@divisor               cstackBANK0  0000CF
___awdiv@quotient              cstackBANK1  000102
___awdiv@sign                  cstackBANK1  000101
___inthi_sp                    stack        000000
___intlo_sp                    stack        000000
___lbdiv                       text17       002C28
___lbdiv@counter               cstackCOMRAM 00002C
___lbdiv@dividend              cstackCOMRAM 00002B
___lbdiv@divisor               cstackCOMRAM 00002A
___lbdiv@quotient              cstackCOMRAM 00002D
___lldiv                       text11       002976
___lldiv@counter               cstackBANK0  0000D1
___lldiv@dividend              cstackBANK1  000100
___lldiv@divisor               cstackBANK1  000104
___lldiv@quotient              cstackBANK0  0000CD
___lmul                        text10       002B56
___lmul@multiplicand           cstackBANK1  000104
___lmul@multiplier             cstackBANK1  000100
___lmul@product                cstackBANK0  0000CD
___lwdiv                       text23       002AD4
___lwdiv@counter               cstackBANK0  0000AD
___lwdiv@dividend              cstackBANK0  0000A9
___lwdiv@divisor               cstackBANK0  0000AB
___lwdiv@quotient              cstackBANK0  0000AE
___param_bank                  (abs)        000000
___rparam_used                 (abs)        000000
___sp                          stack        000000
___wmul                        text2        002C6E
___wmul@multiplicand           cstackBANK0  0000CF
___wmul@multiplier             cstackBANK0  0000CD
___wmul@product                cstackBANK0  0000D1
__accesstop                    (abs)        000060
__activetblptr                 (abs)        000002
__end_of_CANInitialize         text6        00250E
__end_of_CANOperationMode      text9        002D1C
__end_of_CANSetFilter          text8        000CBC
__end_of_CANSetMask            text7        001D34
__end_of_CANisRXwarningON      text15       002D62
__end_of_CANisRxReady          text19       002D34
__end_of_CANisTXwarningON      text14       002D54
__end_of_CANisTxReady          text4        002D04
__end_of_CANreceiveMessage     text18       00198A
__end_of_CANsendMessage        text3        00145C
__end_of_ISR_Alta              intcode_body 002340
__end_of_ISR_Bassa             intcodelo    00018E
__end_of_WriteTimer0           text24       002D46
__end_of___aldiv               text13       0027D6
__end_of___awdiv               text12       0028A6
__end_of___lbdiv               text17       002C6E
__end_of___lldiv               text11       002A3C
__end_of___lmul                text10       002BD0
__end_of___lwdiv               text23       002B56
__end_of___wmul                text2        002CA6
__end_of__initialization       cinit        002C1E
__end_of_board_initialization  text5        002AD4
__end_of_main                  text0        002040
__end_of_remote_frame_handler  text1        0026AA
__end_ofi2___awdiv             text22       002976
__end_ofi2___wmul              text21       002CDE
__initialization               cinit        002BD0
__mediumconst                  mediumconst  000000
__pbitbssCOMRAM                bitbssCOMRAM 000240
__pbssBANK0                    bssBANK0     000060
__pbssCOMRAM                   bssCOMRAM    000001
__pcinit                       cinit        002BD0
__pcstackBANK0                 cstackBANK0  0000A9
__pcstackBANK1                 cstackBANK1  000100
__pcstackCOMRAM                cstackCOMRAM 00002A
__pdataBANK0                   dataBANK0    0000D3
__pdataCOMRAM                  dataCOMRAM   00004A
__pidataBANK0                  idataBANK0   002D62
__pidataCOMRAM                 idataCOMRAM  002D6A
__pintcode                     intcode      000008
__pintcode_body                intcode_body 002040
__pintcodelo                   intcodelo    000018
__ptext0                       text0        001D34
__ptext1                       text1        00250E
__ptext10                      text10       002B56
__ptext11                      text11       002976
__ptext12                      text12       0027D6
__ptext13                      text13       0026AA
__ptext14                      text14       002D46
__ptext15                      text15       002D54
__ptext17                      text17       002C28
__ptext18                      text18       00145C
__ptext19                      text19       002D1C
__ptext2                       text2        002C6E
__ptext21                      text21       002CA6
__ptext22                      text22       0028A6
__ptext23                      text23       002AD4
__ptext24                      text24       002D34
__ptext3                       text3        000CBC
__ptext4                       text4        002CDE
__ptext5                       text5        002A3C
__ptext6                       text6        002340
__ptext7                       text7        00198A
__ptext8                       text8        000192
__ptext9                       text9        002D04
__ramtop                       ramtop       000300
__size_of_CANInitialize        (abs)        000000
__size_of_CANOperationMode     (abs)        000000
__size_of_CANSetFilter         (abs)        000000
__size_of_CANSetMask           (abs)        000000
__size_of_CANisRXwarningON     (abs)        000000
__size_of_CANisRxReady         (abs)        000000
__size_of_CANisTXwarningON     (abs)        000000
__size_of_CANisTxReady         (abs)        000000
__size_of_CANreceiveMessage    (abs)        000000
__size_of_CANsendMessage       (abs)        000000
__size_of_ISR_Alta             (abs)        000000
__size_of_ISR_Bassa            (abs)        000000
__size_of_WriteTimer0          (abs)        000000
__size_of___aldiv              (abs)        000000
__size_of___awdiv              (abs)        000000
__size_of___lbdiv              (abs)        000000
__size_of___lldiv              (abs)        000000
__size_of___lmul               (abs)        000000
__size_of___lwdiv              (abs)        000000
__size_of___wmul               (abs)        000000
__size_of_board_initialization (abs)        000000
__size_of_main                 (abs)        000000
__size_of_remote_frame_handler (abs)        000000
__size_ofi2___awdiv            (abs)        000000
__size_ofi2___wmul             (abs)        000000
__smallconst                   smallconst   000000
_board_initialization          text5        002A3C
_brake_signal_CAN              bssCOMRAM    000024
_brake_value                   bssCOMRAM    000028
_brake_value_degree            bssCOMRAM    000029
_brake_value_inc               bssCOMRAM    000025
_clock_counter_reference       bssBANK0     00007C
_count_flag                    bitbssCOMRAM 000245
_data_debug1                   bssBANK0     000060
_delay_quartz_frequency_value  dataCOMRAM   00004A
_distance_1                    bssCOMRAM    000015
_distance_2                    bssCOMRAM    000017
_distance_actual_value         bssBANK0     000068
_distance_array                bssBANK0     000091
_distance_reached_flag         bitbssCOMRAM 000246
_distance_set_counter_1        bssCOMRAM    000019
_distance_set_counter_2        bssCOMRAM    00001B
_distance_set_flag             bitbssCOMRAM 000247
_distance_set_value            bssCOMRAM    00001D
_gap_time_1                    bssCOMRAM    00001F
_gap_time_2                    bssCOMRAM    000021
_home_position                 bssCOMRAM    000026
_int_counter_1                 bssBANK0     00006C
_int_counter_1_count           bssBANK0     00007E
_int_counter_2                 bssBANK0     000070
_int_counter_2_count           bssBANK0     000080
_main                          text0        001D34
_msg                           bssBANK0     000082
_remote_frame                  bitbssCOMRAM 000248
_remote_frame_array            dataBANK0    0000D3
_remote_frame_handler          text1        00250E
_remote_frame_id               bssCOMRAM    000001
_speed_array                   bssBANK0     000099
_status_array                  bssBANK0     0000A1
_steering_dir                  bitbssCOMRAM 000249
_step                          bssCOMRAM    000027
_timer_off                     bssBANK0     000074
_timer_on                      bssCOMRAM    000005
_wheel_speed_1                 bssCOMRAM    000009
_wheel_speed_2                 bssCOMRAM    00000D
_wheel_speed_average_1         bssCOMRAM    000011
_wheel_speed_average_2         bssBANK0     000078
_x                             bitbssCOMRAM 00024A
_y                             bitbssCOMRAM 00024B
end_of_initialization          cinit        002C1E
i2___awdiv                     text22       0028A6
i2___awdiv@counter             cstackBANK0  0000B3
i2___awdiv@dividend            cstackBANK0  0000AF
i2___awdiv@divisor             cstackBANK0  0000B1
i2___awdiv@quotient            cstackBANK0  0000B5
i2___awdiv@sign                cstackBANK0  0000B4
i2___wmul                      text21       002CA6
i2___wmul@multiplicand         cstackBANK0  0000AB
i2___wmul@multiplier           cstackBANK0  0000A9
i2___wmul@product              cstackBANK0  0000AD
int_func                       intcode_body 002040
intlevel0                      text         000000
intlevel1                      text         000000
intlevel2                      text         000000
intlevel3                      text         000000
stackhi                        (abs)        0002FF
stacklo                        (abs)        000118
start                          init         00018E
start_initialization           cinit        002BD0


FUNCTION INFORMATION:

 *************** function _main *****************
 Defined at:
		line 290 in file "ABS_Code.c"
 Parameters:    Size  Location     Type
		None
 Auto vars:     Size  Location     Type
		None
 Return value:  Size  Location     Type
                  2  716[None  ] int 
 Registers used:
		wreg, fsr2l, fsr2h, status,2, status,0, prodl, prodh, cstack
 Tracked objects:
		On entry : 
		On exit  : 
		Unchanged: 
 Data sizes:     COMRAM   BANK0   BANK1   BANK2
      Params:         0       0       0       0
      Locals:         0       0       0       0
      Temps:          0       0       2       0
      Totals:         0       0       2       0
Total ram usage:        2 bytes
 Hardware stack levels required when called:    7
 This function calls:
		_CANisRXwarningON
		_CANisTXwarningON
		_CANsendMessage
		___aldiv
		___awdiv
		___lldiv
		___lmul
		_board_initialization
		_remote_frame_handler
 This function is called by:
		Startup code after reset
 This function uses a non-reentrant model


 *************** function _remote_frame_handler *****************
 Defined at:
		line 400 in file "ABS_Code.c"
 Parameters:    Size  Location     Type
		None
 Auto vars:     Size  Location     Type
		None
 Return value:  Size  Location     Type
		None               void
 Registers used:
		wreg, fsr2l, fsr2h, status,2, status,0, prodl, prodh, cstack
 Tracked objects:
		On entry : 
		On exit  : 
		Unchanged: 
 Data sizes:     COMRAM   BANK0   BANK1   BANK2
      Params:         0       0       0       0
      Locals:         0       0       0       0
      Temps:          0       0       0       0
      Totals:         0       0       0       0
Total ram usage:        0 bytes
 Hardware stack levels used:    1
 Hardware stack levels required when called:    5
 This function calls:
		_CANisTxReady
		_CANsendMessage
		___wmul
 This function is called by:
		_main
 This function uses a non-reentrant model


 *************** function ___wmul *****************
 Defined at:
		line 15 in file "C:\Program Files (x86)\Microchip\xc8\v1.34\sources\common\Umul16.c"
 Parameters:    Size  Location     Type
  multiplier      2   36[BANK0 ] unsigned int 
  multiplicand    2   38[BANK0 ] unsigned int 
 Auto vars:     Size  Location     Type
  product         2   40[BANK0 ] unsigned int 
 Return value:  Size  Location     Type
                  2   36[BANK0 ] unsigned int 
 Registers used:
		wreg, status,2, status,0, prodl, prodh
 Tracked objects:
		On entry : 
		On exit  : 
		Unchanged: 
 Data sizes:     COMRAM   BANK0   BANK1   BANK2
      Params:         0       4       0       0
      Locals:         0       2       0       0
      Temps:          0       0       0       0
      Totals:         0       6       0       0
Total ram usage:        6 bytes
 Hardware stack levels used:    1
 Hardware stack levels required when called:    4
 This function calls:
		Nothing
 This function is called by:
		_remote_frame_handler
		_delay_ms
 This function uses a non-reentrant model


 *************** function _CANsendMessage *****************
 Defined at:
		line 294 in file "../../../Desktop/LaurTec_PIC_libraries_v_3.3.1/inc\CANlib.h"
 Parameters:    Size  Location     Type
  identifier      4    0[BANK1 ] unsigned long 
  data            2    4[BANK1 ] PTR unsigned char 
		 -> distance_array(8), status_array(8), speed_array(8), remote_frame_array(8), 
  dataLength      1    6[BANK1 ] unsigned char 
  flags           1    7[BANK1 ] enum E16907
 Auto vars:     Size  Location     Type
  tamp            4    8[BANK1 ] unsigned long 
 Return value:  Size  Location     Type
		None               void
 Registers used:
		wreg, fsr2l, fsr2h, status,2, status,0
 Tracked objects:
		On entry : 
		On exit  : 
		Unchanged: 
 Data sizes:     COMRAM   BANK0   BANK1   BANK2
      Params:         0       0       8       0
      Locals:         0       0       4       0
      Temps:          0       4       0       0
      Totals:         0       4      12       0
Total ram usage:       16 bytes
 Hardware stack levels used:    1
 Hardware stack levels required when called:    4
 This function calls:
		Nothing
 This function is called by:
		_main
		_remote_frame_handler
 This function uses a non-reentrant model


 *************** function _CANisTxReady *****************
 Defined at:
		line 1154 in file "../../../Desktop/LaurTec_PIC_libraries_v_3.3.1/inc\CANlib.h"
 Parameters:    Size  Location     Type
		None
 Auto vars:     Size  Location     Type
		None
 Return value:  Size  Location     Type
                  1    wreg      unsigned char 
 Registers used:
		wreg, status,2
 Tracked objects:
		On entry : 
		On exit  : 
		Unchanged: 
 Data sizes:     COMRAM   BANK0   BANK1   BANK2
      Params:         0       0       0       0
      Locals:         0       1       0       0
      Temps:          0       0       0       0
      Totals:         0       1       0       0
Total ram usage:        1 bytes
 Hardware stack levels used:    1
 Hardware stack levels required when called:    4
 This function calls:
		Nothing
 This function is called by:
		_remote_frame_handler
 This function uses a non-reentrant model


 *************** function _board_initialization *****************
 Defined at:
		line 445 in file "ABS_Code.c"
 Parameters:    Size  Location     Type
		None
 Auto vars:     Size  Location     Type
		None
 Return value:  Size  Location     Type
		None               void
 Registers used:
		wreg, status,2, status,0, cstack
 Tracked objects:
		On entry : 
		On exit  : 
		Unchanged: 
 Data sizes:     COMRAM   BANK0   BANK1   BANK2
      Params:         0       0       0       0
      Locals:         0       0       0       0
      Temps:          0       0       0       0
      Totals:         0       0       0       0
Total ram usage:        0 bytes
 Hardware stack levels used:    1
 Hardware stack levels required when called:    6
 This function calls:
		_CANInitialize
 This function is called by:
		_main
 This function uses a non-reentrant model


 *************** function _CANInitialize *****************
 Defined at:
		line 218 in file "../../../Desktop/LaurTec_PIC_libraries_v_3.3.1/inc\CANlib.h"
 Parameters:    Size  Location     Type
  propSeg         1    wreg     unsigned char 
  phaseSeg1       1    9[BANK1 ] unsigned char 
  phaseSeg2       1   10[BANK1 ] unsigned char 
  SJW             1   11[BANK1 ] unsigned char 
  BRP             1   12[BANK1 ] unsigned char 
  flags           1   13[BANK1 ] enum E16885
 Auto vars:     Size  Location     Type
  propSeg         1   18[BANK1 ] unsigned char 
  FilterConfig    1   20[BANK1 ] unsigned char 
  FilterConfig    1   19[BANK1 ] unsigned char 
 Return value:  Size  Location     Type
		None               void
 Registers used:
		wreg, status,2, status,0, cstack
 Tracked objects:
		On entry : 
		On exit  : 
		Unchanged: 
 Data sizes:     COMRAM   BANK0   BANK1   BANK2
      Params:         0       0       5       0
      Locals:         0       0       3       0
      Temps:          0       0       4       0
      Totals:         0       0      12       0
Total ram usage:       12 bytes
 Hardware stack levels used:    1
 Hardware stack levels required when called:    5
 This function calls:
		_CANOperationMode
		_CANSetFilter
		_CANSetMask
 This function is called by:
		_board_initialization
 This function uses a non-reentrant model


 *************** function _CANSetMask *****************
 Defined at:
		line 640 in file "../../../Desktop/LaurTec_PIC_libraries_v_3.3.1/inc\CANlib.h"
 Parameters:    Size  Location     Type
  numBuffer       1    wreg     enum E16919
  mask            4   36[BANK0 ] unsigned long 
  type            1   40[BANK0 ] enum E16885
 Auto vars:     Size  Location     Type
  numBuffer       1    4[BANK1 ] enum E16919
  tamp            4    5[BANK1 ] unsigned long 
 Return value:  Size  Location     Type
		None               void
 Registers used:
		wreg, status,2, status,0
 Tracked objects:
		On entry : 
		On exit  : 
		Unchanged: 
 Data sizes:     COMRAM   BANK0   BANK1   BANK2
      Params:         0       5       0       0
      Locals:         0       0       5       0
      Temps:          0       0       4       0
      Totals:         0       5       9       0
Total ram usage:       14 bytes
 Hardware stack levels used:    1
 Hardware stack levels required when called:    4
 This function calls:
		Nothing
 This function is called by:
		_CANInitialize
 This function uses a non-reentrant model


 *************** function _CANSetFilter *****************
 Defined at:
		line 748 in file "../../../Desktop/LaurTec_PIC_libraries_v_3.3.1/inc\CANlib.h"
 Parameters:    Size  Location     Type
  numBuffer       1    wreg     enum E16922
  filter          4   36[BANK0 ] unsigned long 
  type            1   40[BANK0 ] enum E16885
 Auto vars:     Size  Location     Type
  numBuffer       1    4[BANK1 ] enum E16922
  tamp            4    5[BANK1 ] unsigned long 
 Return value:  Size  Location     Type
		None               void
 Registers used:
		wreg, status,2, status,0
 Tracked objects:
		On entry : 
		On exit  : 
		Unchanged: 
 Data sizes:     COMRAM   BANK0   BANK1   BANK2
      Params:         0       5       0       0
      Locals:         0       0       5       0
      Temps:          0       0       4       0
      Totals:         0       5       9       0
Total ram usage:       14 bytes
 Hardware stack levels used:    1
 Hardware stack levels required when called:    4
 This function calls:
		Nothing
 This function is called by:
		_CANInitialize
 This function uses a non-reentrant model


 *************** function _CANOperationMode *****************
 Defined at:
		line 206 in file "../../../Desktop/LaurTec_PIC_libraries_v_3.3.1/inc\CANlib.h"
 Parameters:    Size  Location     Type
  mode            1    wreg     enum E16879
 Auto vars:     Size  Location     Type
  mode            1   36[BANK0 ] enum E16879
 Return value:  Size  Location     Type
		None               void
 Registers used:
		wreg, status,2, status,0
 Tracked objects:
		On entry : 
		On exit  : 
		Unchanged: 
 Data sizes:     COMRAM   BANK0   BANK1   BANK2
      Params:         0       0       0       0
      Locals:         0       1       0       0
      Temps:          0       0       0       0
      Totals:         0       1       0       0
Total ram usage:        1 bytes
 Hardware stack levels used:    1
 Hardware stack levels required when called:    4
 This function calls:
		Nothing
 This function is called by:
		_CANInitialize
 This function uses a non-reentrant model


 *************** function ___lmul *****************
 Defined at:
		line 15 in file "C:\Program Files (x86)\Microchip\xc8\v1.34\sources\common\Umul32.c"
 Parameters:    Size  Location     Type
  multiplier      4    0[BANK1 ] unsigned long 
  multiplicand    4    4[BANK1 ] unsigned long 
 Auto vars:     Size  Location     Type
  product         4   36[BANK0 ] unsigned long 
 Return value:  Size  Location     Type
                  4    0[BANK1 ] unsigned long 
 Registers used:
		wreg, status,2, status,0
 Tracked objects:
		On entry : 
		On exit  : 
		Unchanged: 
 Data sizes:     COMRAM   BANK0   BANK1   BANK2
      Params:         0       0       8       0
      Locals:         0       4       0       0
      Temps:          0       0       0       0
      Totals:         0       4       8       0
Total ram usage:       12 bytes
 Hardware stack levels used:    1
 Hardware stack levels required when called:    4
 This function calls:
		Nothing
 This function is called by:
		_main
 This function uses a non-reentrant model


 *************** function ___lldiv *****************
 Defined at:
		line 8 in file "C:\Program Files (x86)\Microchip\xc8\v1.34\sources\common\lldiv.c"
 Parameters:    Size  Location     Type
  dividend        4    0[BANK1 ] unsigned long 
  divisor         4    4[BANK1 ] unsigned long 
 Auto vars:     Size  Location     Type
  quotient        4   36[BANK0 ] unsigned long 
  counter         1   40[BANK0 ] unsigned char 
 Return value:  Size  Location     Type
                  4    0[BANK1 ] unsigned long 
 Registers used:
		wreg, status,2, status,0
 Tracked objects:
		On entry : 
		On exit  : 
		Unchanged: 
 Data sizes:     COMRAM   BANK0   BANK1   BANK2
      Params:         0       0       8       0
      Locals:         0       5       0       0
      Temps:          0       0       0       0
      Totals:         0       5       8       0
Total ram usage:       13 bytes
 Hardware stack levels used:    1
 Hardware stack levels required when called:    4
 This function calls:
		Nothing
 This function is called by:
		_main
 This function uses a non-reentrant model


 *************** function ___awdiv *****************
 Defined at:
		line 8 in file "C:\Program Files (x86)\Microchip\xc8\v1.34\sources\common\awdiv.c"
 Parameters:    Size  Location     Type
  dividend        2   36[BANK0 ] int 
  divisor         2   38[BANK0 ] int 
 Auto vars:     Size  Location     Type
  quotient        2    2[BANK1 ] int 
  sign            1    1[BANK1 ] unsigned char 
  counter         1    0[BANK1 ] unsigned char 
 Return value:  Size  Location     Type
                  2   36[BANK0 ] int 
 Registers used:
		wreg, status,2, status,0
 Tracked objects:
		On entry : 
		On exit  : 
		Unchanged: 
 Data sizes:     COMRAM   BANK0   BANK1   BANK2
      Params:         0       4       0       0
      Locals:         0       0       4       0
      Temps:          0       0       0       0
      Totals:         0       4       4       0
Total ram usage:        8 bytes
 Hardware stack levels used:    1
 Hardware stack levels required when called:    4
 This function calls:
		Nothing
 This function is called by:
		_main
 This function uses a non-reentrant model


 *************** function ___aldiv *****************
 Defined at:
		line 8 in file "C:\Program Files (x86)\Microchip\xc8\v1.34\sources\common\aldiv.c"
 Parameters:    Size  Location     Type
  dividend        4    8[BANK1 ] long 
  divisor         4   12[BANK1 ] long 
 Auto vars:     Size  Location     Type
  quotient        4   18[BANK1 ] long 
  sign            1   17[BANK1 ] unsigned char 
  counter         1   16[BANK1 ] unsigned char 
 Return value:  Size  Location     Type
                  4    8[BANK1 ] long 
 Registers used:
		wreg, status,2, status,0
 Tracked objects:
		On entry : 
		On exit  : 
		Unchanged: 
 Data sizes:     COMRAM   BANK0   BANK1   BANK2
      Params:         0       0       8       0
      Locals:         0       0       6       0
      Temps:          0       0       0       0
      Totals:         0       0      14       0
Total ram usage:       14 bytes
 Hardware stack levels used:    1
 Hardware stack levels required when called:    4
 This function calls:
		Nothing
 This function is called by:
		_main
 This function uses a non-reentrant model


 *************** function _CANisTXwarningON *****************
 Defined at:
		line 1119 in file "../../../Desktop/LaurTec_PIC_libraries_v_3.3.1/inc\CANlib.h"
 Parameters:    Size  Location     Type
		None
 Auto vars:     Size  Location     Type
		None
 Return value:  Size  Location     Type
                  1    wreg      unsigned char 
 Registers used:
		wreg
 Tracked objects:
		On entry : 
		On exit  : 
		Unchanged: 
 Data sizes:     COMRAM   BANK0   BANK1   BANK2
      Params:         0       0       0       0
      Locals:         0       0       0       0
      Temps:          0       0       0       0
      Totals:         0       0       0       0
Total ram usage:        0 bytes
 Hardware stack levels used:    1
 Hardware stack levels required when called:    4
 This function calls:
		Nothing
 This function is called by:
		_main
 This function uses a non-reentrant model


 *************** function _CANisRXwarningON *****************
 Defined at:
		line 1127 in file "../../../Desktop/LaurTec_PIC_libraries_v_3.3.1/inc\CANlib.h"
 Parameters:    Size  Location     Type
		None
 Auto vars:     Size  Location     Type
		None
 Return value:  Size  Location     Type
                  1    wreg      unsigned char 
 Registers used:
		wreg
 Tracked objects:
		On entry : 
		On exit  : 
		Unchanged: 
 Data sizes:     COMRAM   BANK0   BANK1   BANK2
      Params:         0       0       0       0
      Locals:         0       0       0       0
      Temps:          0       0       0       0
      Totals:         0       0       0       0
Total ram usage:        0 bytes
 Hardware stack levels used:    1
 Hardware stack levels required when called:    4
 This function calls:
		Nothing
 This function is called by:
		_main
 This function uses a non-reentrant model


 *************** function _ISR_Bassa *****************
 Defined at:
		line 236 in file "ABS_Code.c"
 Parameters:    Size  Location     Type
		None
 Auto vars:     Size  Location     Type
		None
 Return value:  Size  Location     Type
		None               void
 Registers used:
		wreg, fsr2l, fsr2h, status,2, status,0, cstack
 Tracked objects:
		On entry : 
		On exit  : 
		Unchanged: 
 Data sizes:     COMRAM   BANK0   BANK1   BANK2
      Params:         0       0       0       0
      Locals:         0       0       0       0
      Temps:         18       0       0       0
      Totals:        18       0       0       0
Total ram usage:       18 bytes
 Hardware stack levels used:    1
 Hardware stack levels required when called:    3
 This function calls:
		_CANisRxReady
		_CANreceiveMessage
		___lbdiv
 This function is called by:
		Interrupt level 1
 This function uses a non-reentrant model


 *************** function ___lbdiv *****************
 Defined at:
		line 4 in file "C:\Program Files (x86)\Microchip\xc8\v1.34\sources\common\lbdiv.c"
 Parameters:    Size  Location     Type
  dividend        1    wreg     unsigned char 
  divisor         1    0[COMRAM] unsigned char 
 Auto vars:     Size  Location     Type
  dividend        1    1[COMRAM] unsigned char 
  quotient        1    3[COMRAM] unsigned char 
  counter         1    2[COMRAM] unsigned char 
 Return value:  Size  Location     Type
                  1    wreg      unsigned char 
 Registers used:
		wreg, status,2, status,0
 Tracked objects:
		On entry : 
		On exit  : 
		Unchanged: 
 Data sizes:     COMRAM   BANK0   BANK1   BANK2
      Params:         1       0       0       0
      Locals:         3       0       0       0
      Temps:          0       0       0       0
      Totals:         4       0       0       0
Total ram usage:        4 bytes
 Hardware stack levels used:    1
 Hardware stack levels required when called:    2
 This function calls:
		Nothing
 This function is called by:
		_ISR_Bassa
 This function uses a non-reentrant model


 *************** function _CANreceiveMessage *****************
 Defined at:
		line 528 in file "../../../Desktop/LaurTec_PIC_libraries_v_3.3.1/inc\CANlib.h"
 Parameters:    Size  Location     Type
  msg             2    0[COMRAM] PTR struct .
		 -> msg(15), 
 Auto vars:     Size  Location     Type
  tamp            1   11[COMRAM] unsigned char 
  error           1   10[COMRAM] unsigned char 
 Return value:  Size  Location     Type
                  1    wreg      unsigned char 
 Registers used:
		wreg, fsr2l, fsr2h, status,2, status,0
 Tracked objects:
		On entry : 
		On exit  : 
		Unchanged: 
 Data sizes:     COMRAM   BANK0   BANK1   BANK2
      Params:         2       0       0       0
      Locals:         2       0       0       0
      Temps:          8       0       0       0
      Totals:        12       0       0       0
Total ram usage:       12 bytes
 Hardware stack levels used:    1
 Hardware stack levels required when called:    2
 This function calls:
		Nothing
 This function is called by:
		_ISR_Bassa
 This function uses a non-reentrant model


 *************** function _CANisRxReady *****************
 Defined at:
		line 1163 in file "../../../Desktop/LaurTec_PIC_libraries_v_3.3.1/inc\CANlib.h"
 Parameters:    Size  Location     Type
		None
 Auto vars:     Size  Location     Type
		None
 Return value:  Size  Location     Type
                  1    wreg      unsigned char 
 Registers used:
		wreg, status,2
 Tracked objects:
		On entry : 
		On exit  : 
		Unchanged: 
 Data sizes:     COMRAM   BANK0   BANK1   BANK2
      Params:         0       0       0       0
      Locals:         1       0       0       0
      Temps:          0       0       0       0
      Totals:         1       0       0       0
Total ram usage:        1 bytes
 Hardware stack levels used:    1
 Hardware stack levels required when called:    2
 This function calls:
		Nothing
 This function is called by:
		_ISR_Bassa
 This function uses a non-reentrant model


 *************** function _ISR_Alta *****************
 Defined at:
		line 154 in file "ABS_Code.c"
 Parameters:    Size  Location     Type
		None
 Auto vars:     Size  Location     Type
		None
 Return value:  Size  Location     Type
		None               void
 Registers used:
		wreg, status,2, status,0, prodl, prodh, cstack
 Tracked objects:
		On entry : 
		On exit  : 
		Unchanged: 
 Data sizes:     COMRAM   BANK0   BANK1   BANK2
      Params:         0       0       0       0
      Locals:         0       0       0       0
      Temps:          0      22       0       0
      Totals:         0      22       0       0
Total ram usage:       22 bytes
 Hardware stack levels used:    1
 Hardware stack levels required when called:    1
 This function calls:
		_WriteTimer0
		___lwdiv
		i2___awdiv
		i2___wmul
 This function is called by:
		Interrupt level 2
 This function uses a non-reentrant model


 *************** function i2___wmul *****************
 Defined at:
		line 15 in file "C:\Program Files (x86)\Microchip\xc8\v1.34\sources\common\Umul16.c"
 Parameters:    Size  Location     Type
  multiplier      2    0[BANK0 ] unsigned int 
  multiplicand    2    2[BANK0 ] unsigned int 
 Auto vars:     Size  Location     Type
  __wmul          2    4[BANK0 ] unsigned int 
 Return value:  Size  Location     Type
                  2    0[BANK0 ] unsigned int 
 Registers used:
		wreg, status,2, status,0, prodl, prodh
 Tracked objects:
		On entry : 
		On exit  : 
		Unchanged: 
 Data sizes:     COMRAM   BANK0   BANK1   BANK2
      Params:         0       4       0       0
      Locals:         0       2       0       0
      Temps:          0       0       0       0
      Totals:         0       6       0       0
Total ram usage:        6 bytes
 Hardware stack levels used:    1
 This function calls:
		Nothing
 This function is called by:
		_ISR_Alta
 This function uses a non-reentrant model


 *************** function i2___awdiv *****************
 Defined at:
		line 8 in file "C:\Program Files (x86)\Microchip\xc8\v1.34\sources\common\awdiv.c"
 Parameters:    Size  Location     Type
  dividend        2    6[BANK0 ] int 
  divisor         2    8[BANK0 ] int 
 Auto vars:     Size  Location     Type
  __awdiv         2   12[BANK0 ] int 
  __awdiv         1   11[BANK0 ] unsigned char 
  __awdiv         1   10[BANK0 ] unsigned char 
 Return value:  Size  Location     Type
                  2    6[BANK0 ] int 
 Registers used:
		wreg, status,2, status,0
 Tracked objects:
		On entry : 
		On exit  : 
		Unchanged: 
 Data sizes:     COMRAM   BANK0   BANK1   BANK2
      Params:         0       4       0       0
      Locals:         0       4       0       0
      Temps:          0       0       0       0
      Totals:         0       8       0       0
Total ram usage:        8 bytes
 Hardware stack levels used:    1
 This function calls:
		Nothing
 This function is called by:
		_ISR_Alta
 This function uses a non-reentrant model


 *************** function ___lwdiv *****************
 Defined at:
		line 8 in file "C:\Program Files (x86)\Microchip\xc8\v1.34\sources\common\lwdiv.c"
 Parameters:    Size  Location     Type
  dividend        2    0[BANK0 ] unsigned int 
  divisor         2    2[BANK0 ] unsigned int 
 Auto vars:     Size  Location     Type
  quotient        2    5[BANK0 ] unsigned int 
  counter         1    4[BANK0 ] unsigned char 
 Return value:  Size  Location     Type
                  2    0[BANK0 ] unsigned int 
 Registers used:
		wreg, status,2, status,0
 Tracked objects:
		On entry : 
		On exit  : 
		Unchanged: 
 Data sizes:     COMRAM   BANK0   BANK1   BANK2
      Params:         0       4       0       0
      Locals:         0       3       0       0
      Temps:          0       0       0       0
      Totals:         0       7       0       0
Total ram usage:        7 bytes
 Hardware stack levels used:    1
 This function calls:
		Nothing
 This function is called by:
		_ISR_Alta
 This function uses a non-reentrant model


 *************** function _WriteTimer0 *****************
 Defined at:
		line 16 in file "C:\Program Files (x86)\Microchip\xc8\v1.34\sources\pic18\plib\Timers\t0write.c"
 Parameters:    Size  Location     Type
  timer0          2    0[BANK0 ] unsigned int 
 Auto vars:     Size  Location     Type
  timer           2    2[BANK0 ] struct Timers
 Return value:  Size  Location     Type
		None               void
 Registers used:
		None
 Tracked objects:
		On entry : 
		On exit  : 
		Unchanged: 
 Data sizes:     COMRAM   BANK0   BANK1   BANK2
      Params:         0       2       0       0
      Locals:         0       2       0       0
      Temps:          0       0       0       0
      Totals:         0       4       0       0
Total ram usage:        4 bytes
 Hardware stack levels used:    1
 This function calls:
		Nothing
 This function is called by:
		_ISR_Alta
 This function uses a non-reentrant model



MODULE INFORMATION

Module		Function		Class		Link	Load	Size
../../../Desktop/LaurTec_PIC_libraries_v_3.3.1/inc\CANlib.h
		_CANisRXwarning		CODE           	2D54	0000	15
		_CANSetFilter  		CODE           	0192	0000	2859
		_CANisRxReady  		CODE           	2D1C	0000	25
		_CANreceiveMess		CODE           	145C	0000	1327
		_CANisTXwarning		CODE           	2D46	0000	15
		_CANsendMessage		CODE           	0CBC	0000	1953
		_CANInitialize 		CODE           	2340	0000	463
		_CANOperationMo		CODE           	2D04	0000	25
		_CANisTxReady  		CODE           	2CDE	0000	39
		_CANSetMask    		CODE           	198A	0000	939

../../../Desktop/LaurTec_PIC_libraries_v_3.3.1/inc\CANlib.h estimated size: 7660

C:\Program Files (x86)\Microchip\xc8\v1.34\sources\common\lbdiv.c
		___lbdiv       		CODE           	2C28	0000	71

C:\Program Files (x86)\Microchip\xc8\v1.34\sources\common\lbdiv.c estimated size: 71

C:\Program Files (x86)\Microchip\xc8\v1.34\sources\common\Umul32.c
		___lmul        		CODE           	2B56	0000	123

C:\Program Files (x86)\Microchip\xc8\v1.34\sources\common\Umul32.c estimated size: 123

ABS_Code.c
		_ISR_Bassa     		CODE           	0018	0000	375
		_main          		CODE           	1D34	0000	781
		_remote_frame_h		CODE           	250E	0000	413
		_board_initiali		CODE           	2A3C	0000	153
		_ISR_Alta      		CODE           	0008	0000	785

ABS_Code.c estimated size: 2507

shared
		i2___awdiv     		CODE           	28A6	0000	209
		i2___wmul      		CODE           	2CA6	0000	57
		__initializatio		CODE           	2BD0	0000	79

shared estimated size: 345

C:\Program Files (x86)\Microchip\xc8\v1.34\sources\pic18\plib\Timers\t0write.c
		_WriteTimer0   		CODE           	2D34	0000	19

C:\Program Files (x86)\Microchip\xc8\v1.34\sources\pic18\plib\Timers\t0write.c estimated size: 19

C:\Program Files (x86)\Microchip\xc8\v1.34\sources\common\lwdiv.c
		___lwdiv       		CODE           	2AD4	0000	131

C:\Program Files (x86)\Microchip\xc8\v1.34\sources\common\lwdiv.c estimated size: 131

C:\Program Files (x86)\Microchip\xc8\v1.34\sources\common\awdiv.c
		___awdiv       		CODE           	27D6	0000	209

C:\Program Files (x86)\Microchip\xc8\v1.34\sources\common\awdiv.c estimated size: 209

C:\Program Files (x86)\Microchip\xc8\v1.34\sources\common\lldiv.c
		___lldiv       		CODE           	2976	0000	199

C:\Program Files (x86)\Microchip\xc8\v1.34\sources\common\lldiv.c estimated size: 199

C:\Program Files (x86)\Microchip\xc8\v1.34\sources\common\aldiv.c
		___aldiv       		CODE           	26AA	0000	301

C:\Program Files (x86)\Microchip\xc8\v1.34\sources\common\aldiv.c estimated size: 301

C:\Program Files (x86)\Microchip\xc8\v1.34\sources\common\Umul16.c
		___wmul        		CODE           	2C6E	0000	57

C:\Program Files (x86)\Microchip\xc8\v1.34\sources\common\Umul16.c estimated size: 57

