Microchip MPLAB XC8 Compiler V1.35 ()

Linker command line:

--edf=C:\Program Files (x86)\Microchip\xc8\v1.35\dat\en_msgs.txt -cs \
  -h+dist/default/production\ABS.production.sym \
  --cmf=dist/default/production\ABS.production.cmf -z -Q18F4480 \
  -oC:\Users\Simone\AppData\Local\Temp\s1po.2 \
  -Mdist/default/production/ABS.production.map -E1 -ver=XC8 --acfsm=1493 \
  -ASTACK=0ABh-02ffh -pstack=STACK -ACODE=00h-03FFFh -ACONST=00h-03FFFh \
  -ASMALLCONST=0300h-03FFhx61 -AMEDIUMCONST=0300h-03FFFh -ACOMRAM=01h-05Fh \
  -AABS1=00h-02FFh -ABIGRAM=01h-02FFh -ARAM=060h-0FFh,0100h-01FFhx2 \
  -ABANK0=060h-0FFh -ABANK1=0100h-01FFh -ABANK2=0200h-02FFh \
  -ASFR=0D00h-0DFFhx2,0F00h-0F5Fh,0F60h-0FFFh \
  -preset_vec=00h,intcode=08h,intcodelo=018h,powerup,init,end_init \
  -pramtop=0300h -psmallconst=SMALLCONST -pmediumconst=MEDIUMCONST \
  -pconst=CONST -AFARRAM=00h-00h -ACONFIG=0300000h-030000Dh -pconfig=CONFIG \
  -AIDLOC=0200000h-0200007h -pidloc=IDLOC -AEEDATA=0F00000h-0F000FFh \
  -peeprom_data=EEDATA \
  -prdata=COMRAM,nvrram=COMRAM,nvbit=COMRAM,rbss=COMRAM,rbit=COMRAM \
  -pfarbss=FARRAM,fardata=FARRAM,nvFARRAM=FARRAM \
  -pintsave_regs=BIGRAM,bigbss=BIGRAM,bigdata=BIGRAM -pbss=RAM \
  -pidata=CODE,irdata=CODE,ibigdata=CODE,ifardata=CODE -prparam=COMRAM \
  C:\Users\Simone\AppData\Local\Temp\s1po.obj \
  dist/default/production\ABS.production.obj 

Object code version is 3.11

Machine type is 18F4480

Call graph: (short form)




                Name                               Link     Load   Length Selector   Space Scale
C:\Users\Simone\AppData\Local\Temp\s1po.obj
                end_init                             F6       F6        4        C       0
                reset_vec                             0        0        4        0       0
                idloc                            200000   200000        8   200000       0
                config                           300000   300000        E   300000       0
dist/default/production\ABS.production.obj
                intcodelo                            18       18       DE        C       0
                intcode                               8        8        E        4       0
                temp                                 41       41        1        1       1
                text21                             2450     2450       12        C       0
                text20                             21E6     21E6       9C        C       0
                text19                             23DA     23DA       26        C       0
                intcode_body                       1C36     1C36      1CC        C       0
                text17                             243A     243A       16        C       0
                text16                             138C     138C      50C        C       0
                text14                             1FC8     1FC8       BE        C       0
                text13                             232C     232C       3E        C       0
                text12                             246E     246E        C        C       0
                text11                             2462     2462        C        C       0
                text10                             2424     2424       16        C       0
                text9                                FA       FA      B06        C       0
                text8                              1898     1898      39E        C       0
                text7                              1E02     1E02      1C6        C       0
                text6                              23A4     23A4       36        C       0
                text5                              236A     236A       3A        C       0
                text4                              2140     2140       A6        C       0
                text3                              2400     2400       24        C       0
                text2                               C00      C00      78C        C       0
                text1                              2282     2282       62        C       0
                text0                              2086     2086       BA        C       0
                cstackCOMRAM                          1        1       27        1       1
                cstackBANK0                          60       60       34       60       1
                dataBANK0                            A2       A2        9       60       1
                bssBANK0                             94       94        E       60       1
                bssCOMRAM                            28       28       18        1       1
                bitbssCOMRAM                        200       40        2        1       1     8
                cinit                              22E4     22E4       48        C       0
                idataBANK0                         247A     247A        9        C       0

TOTAL           Name                               Link     Load   Length     Space
        CLASS   STACK          

        CLASS   CODE           
                end_init                             F6       F6        4         0
                intcodelo                            18       18       DE         0
                intcode                               8        8        E         0
                reset_vec                             0        0        4         0
                text21                             2450     2450       12         0
                text20                             21E6     21E6       9C         0
                text19                             23DA     23DA       26         0
                intcode_body                       1C36     1C36      1CC         0
                text17                             243A     243A       16         0
                text16                             138C     138C      50C         0
                text14                             1FC8     1FC8       BE         0
                text13                             232C     232C       3E         0
                text12                             246E     246E        C         0
                text11                             2462     2462        C         0
                text10                             2424     2424       16         0
                text9                                FA       FA      B06         0
                text8                              1898     1898      39E         0
                text7                              1E02     1E02      1C6         0
                text6                              23A4     23A4       36         0
                text5                              236A     236A       3A         0
                text4                              2140     2140       A6         0
                text3                              2400     2400       24         0
                text2                               C00      C00      78C         0
                text1                              2282     2282       62         0
                text0                              2086     2086       BA         0
                cinit                              22E4     22E4       48         0
                idataBANK0                         247A     247A        9         0

        CLASS   CONST          

        CLASS   SMALLCONST     

        CLASS   MEDIUMCONST    

        CLASS   COMRAM         
                temp                                 41       41        1         1
                cstackCOMRAM                          1        1       27         1
                bssCOMRAM                            28       28       18         1
                bitbssCOMRAM                        200       40        2         1

        CLASS   ABS1           

        CLASS   BIGRAM         

        CLASS   RAM            

        CLASS   BANK0          
                cstackBANK0                          60       60       34         1
                dataBANK0                            A2       A2        9         1
                bssBANK0                             94       94        E         1

        CLASS   BANK1          

        CLASS   BANK2          

        CLASS   SFR            

        CLASS   FARRAM         

        CLASS   CONFIG         
                config                           300000   300000        E         0

        CLASS   IDLOC          
                idloc                            200000   200000        8         0

        CLASS   EEDATA         



SEGMENTS        Name                           Load    Length   Top    Selector   Space  Class

                reset_vec                      000000  000004  000004         0       0  CODE    
                cstackCOMRAM                   000001  000041  000042         1       1  COMRAM  
                intcode                        000008  00000E  000016         4       0  CODE    
                intcodelo                      000018  00246B  002483         C       0  CODE    
                cstackBANK0                    000060  00004B  0000AB        60       1  BANK0   
                idloc                          200000  000008  200008    200000       0  IDLOC   
                config                         300000  00000E  30000E    300000       0  CONFIG  


UNUSED ADDRESS RANGES

        Name                Unused          Largest block    Delta
        BANK0            0000AB-0000FF               55
        BANK1            000100-0001FF              100
        BANK2            000200-0002FF              100
        BIGRAM           000042-00005F               1E
                         0000AB-0002FF              255
        CODE             000004-000007                4
                         000016-000017                2
                         002483-003FFF             1B7D
        COMRAM           000042-00005F               1E
        CONST            000004-000007                4
                         000016-000017                2
                         002483-003FFF             1B7D
        EEDATA           F00000-F000FF              100
        MEDIUMCONST      002483-003FFF             1B7D
        RAM              0000AB-0002FF              100
        SFR              000D00-000FFF              100
        SMALLCONST       002483-003FFF              100
        STACK            0000AB-0002FF              255

                                  Symbol Table

?___awdiv                      cstackBANK0  00007A
?___wmul                       cstackBANK0  00007A
?i2___awdiv                    cstackCOMRAM 000024
?i2___wmul                     cstackCOMRAM 00001E
CANInitialize@BRP              cstackBANK0  00008B
CANInitialize@FilterConfig1    cstackBANK0  000092
CANInitialize@FilterConfig2    cstackBANK0  000093
CANInitialize@SJW              cstackBANK0  00008A
CANInitialize@flags            cstackBANK0  00008C
CANInitialize@phaseSeg1        cstackBANK0  000088
CANInitialize@phaseSeg2        cstackBANK0  000089
CANInitialize@propSeg          cstackBANK0  000091
CANOperationMode@mode          cstackBANK0  00007A
CANSetFilter@filter            cstackBANK0  00007A
CANSetFilter@numBuffer         cstackBANK0  000083
CANSetFilter@tamp              cstackBANK0  000084
CANSetFilter@type              cstackBANK0  00007E
CANSetMask@mask                cstackBANK0  00007A
CANSetMask@numBuffer           cstackBANK0  000083
CANSetMask@tamp                cstackBANK0  000084
CANSetMask@type                cstackBANK0  00007E
CANreceiveMessage@error        cstackCOMRAM 00000B
CANreceiveMessage@msg          cstackCOMRAM 000001
CANreceiveMessage@tamp         cstackCOMRAM 00000C
CANsendMessage@data            cstackBANK0  00007E
CANsendMessage@dataLength      cstackBANK0  000080
CANsendMessage@flags           cstackBANK0  000081
CANsendMessage@identifier      cstackBANK0  00007A
CANsendMessage@tamp            cstackBANK0  000086
WriteTimer0@timer              cstackCOMRAM 000020
WriteTimer0@timer0             cstackCOMRAM 00001E
_ADCON0bits                    (abs)        000FC2
_ADCON1                        (abs)        000FC1
_ADCON2bits                    (abs)        000FC0
_ADC_Read                      text13       00232C
_ADRESH                        (abs)        000FC4
_Analogic_Mode                 bssBANK0     00009C
_BRGCON1                       (abs)        000F70
_BRGCON2                       (abs)        000F71
_BRGCON2bits                   (abs)        000F71
_BRGCON3                       (abs)        000F72
_BRGCON3bits                   (abs)        000F72
_CANCON                        (abs)        000F6F
_CANCONbits                    (abs)        000F6F
_CANInitialize                 text7        001E02
_CANOperationMode              text10       002424
_CANSTAT                       (abs)        000F6E
_CANSetFilter                  text9        0000FA
_CANSetMask                    text8        001898
_CANisRXwarningON              text12       00246E
_CANisRxReady                  text17       00243A
_CANisRxReady$2912             cstackCOMRAM 000001
_CANisTXwarningON              text11       002462
_CANisTxReady                  text3        002400
_CANisTxReady$2910             cstackBANK0  00007A
_CANreceiveMessage             text16       00138C
_CANsendMessage                text2        000C00
_COMSTATbits                   (abs)        000F74
_INTCON2bits                   (abs)        000FF1
_INTCONbits                    (abs)        000FF2
_IPR3bits                      (abs)        000FA5
_ISR_Alta                      intcode      000008
_ISR_Bassa                     intcodelo    000018
_LATA                          (abs)        000F89
_LATB                          (abs)        000F8A
_LATC                          (abs)        000F8B
_LATD                          (abs)        000F8C
_LATE                          (abs)        000F8D
_PIE3bits                      (abs)        000FA3
_PIR2bits                      (abs)        000FA1
_PIR3bits                      (abs)        000FA4
_PORTBbits                     (abs)        000F81
_PORTCbits                     (abs)        000F82
_RCONbits                      (abs)        000FD0
_RXB0CON                       (abs)        000F60
_RXB0CONbits                   (abs)        000F60
_RXB0D0                        (abs)        000F66
_RXB0D1                        (abs)        000F67
_RXB0D2                        (abs)        000F68
_RXB0D3                        (abs)        000F69
_RXB0D4                        (abs)        000F6A
_RXB0D5                        (abs)        000F6B
_RXB0D6                        (abs)        000F6C
_RXB0D7                        (abs)        000F6D
_RXB0DLC                       (abs)        000F65
_RXB0DLCbits                   (abs)        000F65
_RXB0EIDH                      (abs)        000F63
_RXB0EIDL                      (abs)        000F64
_RXB0SIDH                      (abs)        000F61
_RXB0SIDL                      (abs)        000F62
_RXB0SIDLbits                  (abs)        000F62
_RXB1CON                       (abs)        000F50
_RXB1CONbits                   (abs)        000F50
_RXB1D0                        (abs)        000F56
_RXB1D1                        (abs)        000F57
_RXB1D2                        (abs)        000F58
_RXB1D3                        (abs)        000F59
_RXB1D4                        (abs)        000F5A
_RXB1D5                        (abs)        000F5B
_RXB1D6                        (abs)        000F5C
_RXB1D7                        (abs)        000F5D
_RXB1DLC                       (abs)        000F55
_RXB1DLCbits                   (abs)        000F55
_RXB1EIDH                      (abs)        000F53
_RXB1EIDL                      (abs)        000F54
_RXB1SIDH                      (abs)        000F51
_RXB1SIDL                      (abs)        000F52
_RXB1SIDLbits                  (abs)        000F52
_RXERRCNT                      (abs)        000F75
_RXF0EIDH                      (abs)        000F02
_RXF0EIDL                      (abs)        000F03
_RXF0SIDH                      (abs)        000F00
_RXF0SIDL                      (abs)        000F01
_RXF0SIDLbits                  (abs)        000F01
_RXF1EIDH                      (abs)        000F06
_RXF1EIDL                      (abs)        000F07
_RXF1SIDH                      (abs)        000F04
_RXF1SIDL                      (abs)        000F05
_RXF1SIDLbits                  (abs)        000F05
_RXF2EIDH                      (abs)        000F0A
_RXF2EIDL                      (abs)        000F0B
_RXF2SIDH                      (abs)        000F08
_RXF2SIDL                      (abs)        000F09
_RXF2SIDLbits                  (abs)        000F09
_RXF3EIDH                      (abs)        000F0E
_RXF3EIDL                      (abs)        000F0F
_RXF3SIDH                      (abs)        000F0C
_RXF3SIDL                      (abs)        000F0D
_RXF3SIDLbits                  (abs)        000F0D
_RXF4EIDH                      (abs)        000F12
_RXF4EIDL                      (abs)        000F13
_RXF4SIDH                      (abs)        000F10
_RXF4SIDL                      (abs)        000F11
_RXF4SIDLbits                  (abs)        000F11
_RXF5EIDH                      (abs)        000F16
_RXF5EIDL                      (abs)        000F17
_RXF5SIDH                      (abs)        000F14
_RXF5SIDL                      (abs)        000F15
_RXF5SIDLbits                  (abs)        000F15
_RXM0EIDH                      (abs)        000F1A
_RXM0EIDL                      (abs)        000F1B
_RXM0SIDH                      (abs)        000F18
_RXM0SIDL                      (abs)        000F19
_RXM0SIDLbits                  (abs)        000F19
_RXM1EIDH                      (abs)        000F1E
_RXM1EIDL                      (abs)        000F1F
_RXM1SIDH                      (abs)        000F1C
_RXM1SIDL                      (abs)        000F1D
_RXM1SIDLbits                  (abs)        000F1D
_T0CON                         (abs)        000FD5
_T0CONbits                     (abs)        000FD5
_T3CON                         (abs)        000FB1
_TMR0H                         (abs)        000FD7
_TMR0L                         (abs)        000FD6
_TRISA                         (abs)        000F92
_TRISB                         (abs)        000F93
_TRISC                         (abs)        000F94
_TRISD                         (abs)        000F95
_TRISE                         (abs)        000F96
_TXB0CONbits                   (abs)        000F40
_TXB0D0                        (abs)        000F46
_TXB0D1                        (abs)        000F47
_TXB0D2                        (abs)        000F48
_TXB0D3                        (abs)        000F49
_TXB0D4                        (abs)        000F4A
_TXB0D5                        (abs)        000F4B
_TXB0D6                        (abs)        000F4C
_TXB0D7                        (abs)        000F4D
_TXB0DLC                       (abs)        000F45
_TXB0DLCbits                   (abs)        000F45
_TXB0EIDH                      (abs)        000F43
_TXB0EIDL                      (abs)        000F44
_TXB0SIDH                      (abs)        000F41
_TXB0SIDL                      (abs)        000F42
_TXB0SIDLbits                  (abs)        000F42
_TXB1CONbits                   (abs)        000F30
_TXB1D0                        (abs)        000F36
_TXB1D1                        (abs)        000F37
_TXB1D2                        (abs)        000F38
_TXB1D3                        (abs)        000F39
_TXB1D4                        (abs)        000F3A
_TXB1D5                        (abs)        000F3B
_TXB1D6                        (abs)        000F3C
_TXB1D7                        (abs)        000F3D
_TXB1DLC                       (abs)        000F35
_TXB1DLCbits                   (abs)        000F35
_TXB1EIDH                      (abs)        000F33
_TXB1EIDL                      (abs)        000F34
_TXB1SIDH                      (abs)        000F31
_TXB1SIDL                      (abs)        000F32
_TXB1SIDLbits                  (abs)        000F32
_TXB2CONbits                   (abs)        000F20
_TXB2D0                        (abs)        000F26
_TXB2D1                        (abs)        000F27
_TXB2D2                        (abs)        000F28
_TXB2D3                        (abs)        000F29
_TXB2D4                        (abs)        000F2A
_TXB2D5                        (abs)        000F2B
_TXB2D6                        (abs)        000F2C
_TXB2D7                        (abs)        000F2D
_TXB2DLC                       (abs)        000F25
_TXB2DLCbits                   (abs)        000F25
_TXB2EIDH                      (abs)        000F23
_TXB2EIDL                      (abs)        000F24
_TXB2SIDH                      (abs)        000F21
_TXB2SIDL                      (abs)        000F22
_TXB2SIDLbits                  (abs)        000F22
_TXERRCNT                      (abs)        000F76
_Tx_retry                      bitbssCOMRAM 000200
_WriteTimer0                   text21       002450
__CFG_BBSIZ$1024               (abs)        000000
__CFG_BOREN$BOHW               (abs)        000000
__CFG_BORV$3                   (abs)        000000
__CFG_CP0$OFF                  (abs)        000000
__CFG_CP1$OFF                  (abs)        000000
__CFG_CPB$OFF                  (abs)        000000
__CFG_CPD$OFF                  (abs)        000000
__CFG_EBTR0$OFF                (abs)        000000
__CFG_EBTR1$OFF                (abs)        000000
__CFG_EBTRB$OFF                (abs)        000000
__CFG_FCMEN$OFF                (abs)        000000
__CFG_IESO$OFF                 (abs)        000000
__CFG_LPT1OSC$OFF              (abs)        000000
__CFG_LVP$ON                   (abs)        000000
__CFG_MCLRE$ON                 (abs)        000000
__CFG_OSC$HS                   (abs)        000000
__CFG_PBADEN$ON                (abs)        000000
__CFG_PWRT$OFF                 (abs)        000000
__CFG_STVREN$ON                (abs)        000000
__CFG_WDT$OFF                  (abs)        000000
__CFG_WDTPS$32768              (abs)        000000
__CFG_WRT0$OFF                 (abs)        000000
__CFG_WRT1$OFF                 (abs)        000000
__CFG_WRTB$OFF                 (abs)        000000
__CFG_WRTC$OFF                 (abs)        000000
__CFG_WRTD$OFF                 (abs)        000000
__CFG_XINST$OFF                (abs)        000000
__HRAM                         (abs)        000000
__Habs1                        abs1         000000
__Hbank0                       bank0        000000
__Hbank1                       bank1        000000
__Hbank2                       bank2        000000
__Hbigbss                      bigbss       000000
__Hbigdata                     bigdata      000000
__Hbigram                      bigram       000000
__HbitbssCOMRAM                bitbssCOMRAM 000000
__Hbss                         bss          000000
__HbssBANK0                    bssBANK0     000000
__HbssCOMRAM                   bssCOMRAM    000000
__Hcinit                       cinit        000000
__Hclrtext                     clrtext      000000
__Hcomram                      comram       000000
__Hconfig                      config       30000E
__Hconst                       const        000000
__HcstackBANK0                 cstackBANK0  000000
__HcstackCOMRAM                cstackCOMRAM 000000
__Hdata                        data         000000
__HdataBANK0                   dataBANK0    000000
__Heeprom_data                 eeprom_data  000000
__Hend_init                    end_init     0000FA
__Hfarbss                      farbss       000000
__Hfardata                     fardata      000000
__Hibigdata                    ibigdata     000000
__Hidata                       idata        000000
__HidataBANK0                  idataBANK0   000000
__Hidloc                       idloc        200008
__Hifardata                    ifardata     000000
__Hinit                        init         0000F6
__Hintcode                     intcode      000016
__Hintcode_body                intcode_body 000000
__Hintcodelo                   intcodelo    0000F6
__Hintentry                    intentry     000000
__Hintret                      intret       000000
__Hintsave_regs                intsave_regs 000000
__Hirdata                      irdata       000000
__Hmediumconst                 mediumconst  000000
__HnvFARRAM                    nvFARRAM     000000
__Hnvbit                       nvbit        000000
__Hnvrram                      nvrram       000000
__Hparam                       rparam       000000
__Hpowerup                     powerup      0000F6
__Hram                         ram          000000
__Hramtop                      ramtop       000300
__Hrbit                        rbit         000000
__Hrbss                        rbss         000000
__Hrdata                       rdata        000000
__Hreset_vec                   reset_vec    000004
__Hrparam                      rparam       000000
__Hsfr                         sfr          000000
__Hsmallconst                  smallconst   000000
__Hspace_0                     (abs)        30000E
__Hspace_1                     (abs)        000202
__Hspace_2                     (abs)        000000
__Hstack                       stack        000000
__Hstruct                      struct       000000
__Htemp                        temp         000042
__Htext                        text         000000
__Htext0                       text0        000000
__Htext1                       text1        000000
__Htext10                      text10       000000
__Htext11                      text11       000000
__Htext12                      text12       000000
__Htext13                      text13       000000
__Htext14                      text14       000000
__Htext16                      text16       000000
__Htext17                      text17       000000
__Htext19                      text19       000000
__Htext2                       text2        000000
__Htext20                      text20       000000
__Htext21                      text21       000000
__Htext3                       text3        000000
__Htext4                       text4        000000
__Htext5                       text5        000000
__Htext6                       text6        000000
__Htext7                       text7        000000
__Htext8                       text8        000000
__Htext9                       text9        000000
__LRAM                         (abs)        000001
__Labs1                        abs1         000000
__Lbank0                       bank0        000000
__Lbank1                       bank1        000000
__Lbank2                       bank2        000000
__Lbigbss                      bigbss       000000
__Lbigdata                     bigdata      000000
__Lbigram                      bigram       000000
__LbitbssCOMRAM                bitbssCOMRAM 000000
__Lbss                         bss          000000
__LbssBANK0                    bssBANK0     000000
__LbssCOMRAM                   bssCOMRAM    000000
__Lcinit                       cinit        000000
__Lclrtext                     clrtext      000000
__Lcomram                      comram       000000
__Lconfig                      config       300000
__Lconst                       const        000000
__LcstackBANK0                 cstackBANK0  000000
__LcstackCOMRAM                cstackCOMRAM 000000
__Ldata                        data         000000
__LdataBANK0                   dataBANK0    000000
__Leeprom_data                 eeprom_data  000000
__Lend_init                    end_init     0000F6
__Lfarbss                      farbss       000000
__Lfardata                     fardata      000000
__Libigdata                    ibigdata     000000
__Lidata                       idata        000000
__LidataBANK0                  idataBANK0   000000
__Lidloc                       idloc        200000
__Lifardata                    ifardata     000000
__Linit                        init         0000F6
__Lintcode                     intcode      000008
__Lintcode_body                intcode_body 000000
__Lintcodelo                   intcodelo    000018
__Lintentry                    intentry     000000
__Lintret                      intret       000000
__Lintsave_regs                intsave_regs 000000
__Lirdata                      irdata       000000
__Lmediumconst                 mediumconst  000000
__LnvFARRAM                    nvFARRAM     000000
__Lnvbit                       nvbit        000000
__Lnvrram                      nvrram       000000
__Lparam                       rparam       000000
__Lpowerup                     powerup      0000F6
__Lram                         ram          000000
__Lramtop                      ramtop       000300
__Lrbit                        rbit         000000
__Lrbss                        rbss         000000
__Lrdata                       rdata        000000
__Lreset_vec                   reset_vec    000000
__Lrparam                      rparam       000000
__Lsfr                         sfr          000000
__Lsmallconst                  smallconst   000000
__Lspace_0                     (abs)        000000
__Lspace_1                     (abs)        000000
__Lspace_2                     (abs)        000000
__Lstack                       stack        000000
__Lstruct                      struct       000000
__Ltemp                        temp         000041
__Ltext                        text         000000
__Ltext0                       text0        000000
__Ltext1                       text1        000000
__Ltext10                      text10       000000
__Ltext11                      text11       000000
__Ltext12                      text12       000000
__Ltext13                      text13       000000
__Ltext14                      text14       000000
__Ltext16                      text16       000000
__Ltext17                      text17       000000
__Ltext19                      text19       000000
__Ltext2                       text2        000000
__Ltext20                      text20       000000
__Ltext21                      text21       000000
__Ltext3                       text3        000000
__Ltext4                       text4        000000
__Ltext5                       text5        000000
__Ltext6                       text6        000000
__Ltext7                       text7        000000
__Ltext8                       text8        000000
__Ltext9                       text9        000000
__S0                           (abs)        30000E
__S1                           (abs)        0000AB
__S2                           (abs)        000000
___awdiv                       text14       001FC8
___awdiv@counter               cstackBANK0  00007E
___awdiv@dividend              cstackBANK0  00007A
___awdiv@divisor               cstackBANK0  00007C
___awdiv@quotient              cstackBANK0  000080
___awdiv@sign                  cstackBANK0  00007F
___inthi_sp                    stack        000000
___intlo_sp                    stack        000000
___param_bank                  (abs)        000010
___rparam_used                 (abs)        000001
___sp                          stack        000000
___wmul                        text6        0023A4
___wmul@multiplicand           cstackBANK0  00007C
___wmul@multiplier             cstackBANK0  00007A
___wmul@product                cstackBANK0  00007E
__accesstop                    (abs)        000060
__activetblptr                 (abs)        000002
__end_of_ADC_Read              text13       00236A
__end_of_CANInitialize         text7        001FC8
__end_of_CANOperationMode      text10       00243A
__end_of_CANSetFilter          text9        000C00
__end_of_CANSetMask            text8        001C36
__end_of_CANisRXwarningON      text12       00247A
__end_of_CANisRxReady          text17       002450
__end_of_CANisTXwarningON      text11       00246E
__end_of_CANisTxReady          text3        002424
__end_of_CANreceiveMessage     text16       001898
__end_of_CANsendMessage        text2        00138C
__end_of_ISR_Alta              intcode_body 001E02
__end_of_ISR_Bassa             intcodelo    0000F6
__end_of_WriteTimer0           text21       002462
__end_of___awdiv               text14       002086
__end_of___wmul                text6        0023DA
__end_of__initialization       cinit        00231E
__end_of_board_initialization  text4        0021E6
__end_of_delay_ms              text5        0023A4
__end_of_main                  text0        002140
__end_of_status_ok             text1        0022E4
__end_ofi2___awdiv             text20       002282
__end_ofi2___wmul              text19       002400
__initialization               cinit        0022E4
__mediumconst                  mediumconst  000000
__pbitbssCOMRAM                bitbssCOMRAM 000200
__pbssBANK0                    bssBANK0     000094
__pbssCOMRAM                   bssCOMRAM    000028
__pcinit                       cinit        0022E4
__pcstackBANK0                 cstackBANK0  000060
__pcstackCOMRAM                cstackCOMRAM 000001
__pdataBANK0                   dataBANK0    0000A2
__pidataBANK0                  idataBANK0   00247A
__pintcode                     intcode      000008
__pintcode_body                intcode_body 001C36
__pintcodelo                   intcodelo    000018
__ptext0                       text0        002086
__ptext1                       text1        002282
__ptext10                      text10       002424
__ptext11                      text11       002462
__ptext12                      text12       00246E
__ptext13                      text13       00232C
__ptext14                      text14       001FC8
__ptext16                      text16       00138C
__ptext17                      text17       00243A
__ptext19                      text19       0023DA
__ptext2                       text2        000C00
__ptext20                      text20       0021E6
__ptext21                      text21       002450
__ptext3                       text3        002400
__ptext4                       text4        002140
__ptext5                       text5        00236A
__ptext6                       text6        0023A4
__ptext7                       text7        001E02
__ptext8                       text8        001898
__ptext9                       text9        0000FA
__ramtop                       ramtop       000300
__size_of_ADC_Read             (abs)        000000
__size_of_CANInitialize        (abs)        000000
__size_of_CANOperationMode     (abs)        000000
__size_of_CANSetFilter         (abs)        000000
__size_of_CANSetMask           (abs)        000000
__size_of_CANisRXwarningON     (abs)        000000
__size_of_CANisRxReady         (abs)        000000
__size_of_CANisTXwarningON     (abs)        000000
__size_of_CANisTxReady         (abs)        000000
__size_of_CANreceiveMessage    (abs)        000000
__size_of_CANsendMessage       (abs)        000000
__size_of_ISR_Alta             (abs)        000000
__size_of_ISR_Bassa            (abs)        000000
__size_of_WriteTimer0          (abs)        000000
__size_of___awdiv              (abs)        000000
__size_of___wmul               (abs)        000000
__size_of_board_initialization (abs)        000000
__size_of_delay_ms             (abs)        000000
__size_of_main                 (abs)        000000
__size_of_status_ok            (abs)        000000
__size_ofi2___awdiv            (abs)        000000
__size_ofi2___wmul             (abs)        000000
__smallconst                   smallconst   000000
_board_initialization          text4        002140
_brake_signal_CAN              bssBANK0     00009D
_brake_value                   bssBANK0     0000A1
_brake_value_degree            bssCOMRAM    00003F
_brake_value_inc               bssBANK0     00009E
_clock_counter_reference       bssBANK0     000098
_correction_factor             bssBANK0     00009A
_delay_ms                      text5        00236A
_delay_quartz_frequency_value  dataBANK0    0000A2
_home_position                 bssBANK0     00009F
_main                          text0        002086
_msg                           bssCOMRAM    000030
_read                          bssBANK0     0000A0
_remote_frame                  bitbssCOMRAM 000201
_remote_frame_id               bssBANK0     000094
_status_array                  dataBANK0    0000A3
_status_ok                     text1        002282
_timer_off                     bssCOMRAM    000028
_timer_on                      bssCOMRAM    00002C
btemp                          temp         000041
delay_ms@value_ms              cstackBANK0  000080
end_of_initialization          cinit        00231E
i2___awdiv                     text20       0021E6
i2___awdiv@counter             cstackBANK0  000060
i2___awdiv@dividend            cstackCOMRAM 000024
i2___awdiv@divisor             cstackCOMRAM 000026
i2___awdiv@quotient            cstackBANK0  000062
i2___awdiv@sign                cstackBANK0  000061
i2___wmul                      text19       0023DA
i2___wmul@multiplicand         cstackCOMRAM 000020
i2___wmul@multiplier           cstackCOMRAM 00001E
i2___wmul@product              cstackCOMRAM 000022
int$flags                      temp         000041
int_func                       intcode_body 001C36
intlevel0                      text         000000
intlevel1                      text         000000
intlevel2                      text         000000
intlevel3                      text         000000
stackhi                        (abs)        0002FF
stacklo                        (abs)        0000AB
start                          init         0000F6
start_initialization           cinit        0022E4


FUNCTION INFORMATION:

 *************** function _main *****************
 Defined at:
		line 139 in file "ABS_Code.c"
 Parameters:    Size  Location     Type
		None
 Auto vars:     Size  Location     Type
		None
 Return value:  Size  Location     Type
                  2  622[None  ] int 
 Registers used:
		wreg, fsr2l, fsr2h, status,2, status,0, prodl, prodh, cstack
 Tracked objects:
		On entry : 
		On exit  : 
		Unchanged: 
 Data sizes:     COMRAM   BANK0   BANK1   BANK2
      Params:         0       0       0       0
      Locals:         0       0       0       0
      Temps:          0       0       0       0
      Totals:         0       0       0       0
Total ram usage:        0 bytes
 Hardware stack levels required when called:    7
 This function calls:
		_ADC_Read
		_CANisRXwarningON
		_CANisTXwarningON
		___awdiv
		_board_initialization
		_status_ok
 This function is called by:
		Startup code after reset
 This function uses a non-reentrant model


 *************** function _status_ok *****************
 Defined at:
		line 178 in file "ABS_Code.c"
 Parameters:    Size  Location     Type
		None
 Auto vars:     Size  Location     Type
		None
 Return value:  Size  Location     Type
		None               void
 Registers used:
		wreg, fsr2l, fsr2h, status,2, status,0, cstack
 Tracked objects:
		On entry : 
		On exit  : 
		Unchanged: 
 Data sizes:     COMRAM   BANK0   BANK1   BANK2
      Params:         0       0       0       0
      Locals:         0       0       0       0
      Temps:          0       0       0       0
      Totals:         0       0       0       0
Total ram usage:        0 bytes
 Hardware stack levels used:    1
 Hardware stack levels required when called:    5
 This function calls:
		_CANisTxReady
		_CANsendMessage
 This function is called by:
		_main
 This function uses a non-reentrant model


 *************** function _CANsendMessage *****************
 Defined at:
		line 294 in file "../../LaurTec_PIC_libraries_v_3.3.0/inc\CANlib.h"
 Parameters:    Size  Location     Type
  identifier      4   26[BANK0 ] unsigned long 
  data            2   30[BANK0 ] PTR unsigned char 
		 -> status_array(8), 
  dataLength      1   32[BANK0 ] unsigned char 
  flags           1   33[BANK0 ] enum E16866
 Auto vars:     Size  Location     Type
  tamp            4   38[BANK0 ] unsigned long 
 Return value:  Size  Location     Type
		None               void
 Registers used:
		wreg, fsr2l, fsr2h, status,2, status,0
 Tracked objects:
		On entry : 
		On exit  : 
		Unchanged: 
 Data sizes:     COMRAM   BANK0   BANK1   BANK2
      Params:         0       8       0       0
      Locals:         0       4       0       0
      Temps:          0       4       0       0
      Totals:         0      16       0       0
Total ram usage:       16 bytes
 Hardware stack levels used:    1
 Hardware stack levels required when called:    4
 This function calls:
		Nothing
 This function is called by:
		_status_ok
 This function uses a non-reentrant model


 *************** function _CANisTxReady *****************
 Defined at:
		line 1154 in file "../../LaurTec_PIC_libraries_v_3.3.0/inc\CANlib.h"
 Parameters:    Size  Location     Type
		None
 Auto vars:     Size  Location     Type
		None
 Return value:  Size  Location     Type
                  1    wreg      unsigned char 
 Registers used:
		wreg, status,2
 Tracked objects:
		On entry : 
		On exit  : 
		Unchanged: 
 Data sizes:     COMRAM   BANK0   BANK1   BANK2
      Params:         0       0       0       0
      Locals:         0       1       0       0
      Temps:          0       0       0       0
      Totals:         0       1       0       0
Total ram usage:        1 bytes
 Hardware stack levels used:    1
 Hardware stack levels required when called:    4
 This function calls:
		Nothing
 This function is called by:
		_status_ok
 This function uses a non-reentrant model


 *************** function _board_initialization *****************
 Defined at:
		line 202 in file "ABS_Code.c"
 Parameters:    Size  Location     Type
		None
 Auto vars:     Size  Location     Type
		None
 Return value:  Size  Location     Type
		None               void
 Registers used:
		wreg, status,2, status,0, prodl, prodh, cstack
 Tracked objects:
		On entry : 
		On exit  : 
		Unchanged: 
 Data sizes:     COMRAM   BANK0   BANK1   BANK2
      Params:         0       0       0       0
      Locals:         0       0       0       0
      Temps:          0       0       0       0
      Totals:         0       0       0       0
Total ram usage:        0 bytes
 Hardware stack levels used:    1
 Hardware stack levels required when called:    6
 This function calls:
		_CANInitialize
		_delay_ms
 This function is called by:
		_main
 This function uses a non-reentrant model


 *************** function _delay_ms *****************
 Defined at:
		line 61 in file "../../LaurTec_PIC_libraries_v_3.3.0/src\delay.c"
 Parameters:    Size  Location     Type
  value_ms        2   32[BANK0 ] unsigned int 
 Auto vars:     Size  Location     Type
		None
 Return value:  Size  Location     Type
		None               void
 Registers used:
		wreg, status,2, status,0, prodl, prodh, cstack
 Tracked objects:
		On entry : 
		On exit  : 
		Unchanged: 
 Data sizes:     COMRAM   BANK0   BANK1   BANK2
      Params:         0       2       0       0
      Locals:         0       0       0       0
      Temps:          0       0       0       0
      Totals:         0       2       0       0
Total ram usage:        2 bytes
 Hardware stack levels used:    1
 Hardware stack levels required when called:    5
 This function calls:
		___wmul
 This function is called by:
		_board_initialization
		_delay_s
 This function uses a non-reentrant model


 *************** function ___wmul *****************
 Defined at:
		line 15 in file "C:\Program Files (x86)\Microchip\xc8\v1.35\sources\common\Umul16.c"
 Parameters:    Size  Location     Type
  multiplier      2   26[BANK0 ] unsigned int 
  multiplicand    2   28[BANK0 ] unsigned int 
 Auto vars:     Size  Location     Type
  product         2   30[BANK0 ] unsigned int 
 Return value:  Size  Location     Type
                  2   26[BANK0 ] unsigned int 
 Registers used:
		wreg, status,2, status,0, prodl, prodh
 Tracked objects:
		On entry : 
		On exit  : 
		Unchanged: 
 Data sizes:     COMRAM   BANK0   BANK1   BANK2
      Params:         0       4       0       0
      Locals:         0       2       0       0
      Temps:          0       0       0       0
      Totals:         0       6       0       0
Total ram usage:        6 bytes
 Hardware stack levels used:    1
 Hardware stack levels required when called:    4
 This function calls:
		Nothing
 This function is called by:
		_delay_ms
 This function uses a non-reentrant model


 *************** function _CANInitialize *****************
 Defined at:
		line 218 in file "../../LaurTec_PIC_libraries_v_3.3.0/inc\CANlib.h"
 Parameters:    Size  Location     Type
  propSeg         1    wreg     unsigned char 
  phaseSeg1       1   40[BANK0 ] unsigned char 
  phaseSeg2       1   41[BANK0 ] unsigned char 
  SJW             1   42[BANK0 ] unsigned char 
  BRP             1   43[BANK0 ] unsigned char 
  flags           1   44[BANK0 ] enum E16844
 Auto vars:     Size  Location     Type
  propSeg         1   49[BANK0 ] unsigned char 
  FilterConfig    1   51[BANK0 ] unsigned char 
  FilterConfig    1   50[BANK0 ] unsigned char 
 Return value:  Size  Location     Type
		None               void
 Registers used:
		wreg, status,2, status,0, cstack
 Tracked objects:
		On entry : 
		On exit  : 
		Unchanged: 
 Data sizes:     COMRAM   BANK0   BANK1   BANK2
      Params:         0       5       0       0
      Locals:         0       3       0       0
      Temps:          0       4       0       0
      Totals:         0      12       0       0
Total ram usage:       12 bytes
 Hardware stack levels used:    1
 Hardware stack levels required when called:    5
 This function calls:
		_CANOperationMode
		_CANSetFilter
		_CANSetMask
 This function is called by:
		_board_initialization
 This function uses a non-reentrant model


 *************** function _CANSetMask *****************
 Defined at:
		line 640 in file "../../LaurTec_PIC_libraries_v_3.3.0/inc\CANlib.h"
 Parameters:    Size  Location     Type
  numBuffer       1    wreg     enum E16878
  mask            4   26[BANK0 ] unsigned long 
  type            1   30[BANK0 ] enum E16844
 Auto vars:     Size  Location     Type
  numBuffer       1   35[BANK0 ] enum E16878
  tamp            4   36[BANK0 ] unsigned long 
 Return value:  Size  Location     Type
		None               void
 Registers used:
		wreg, status,2, status,0
 Tracked objects:
		On entry : 
		On exit  : 
		Unchanged: 
 Data sizes:     COMRAM   BANK0   BANK1   BANK2
      Params:         0       5       0       0
      Locals:         0       5       0       0
      Temps:          0       4       0       0
      Totals:         0      14       0       0
Total ram usage:       14 bytes
 Hardware stack levels used:    1
 Hardware stack levels required when called:    4
 This function calls:
		Nothing
 This function is called by:
		_CANInitialize
 This function uses a non-reentrant model


 *************** function _CANSetFilter *****************
 Defined at:
		line 748 in file "../../LaurTec_PIC_libraries_v_3.3.0/inc\CANlib.h"
 Parameters:    Size  Location     Type
  numBuffer       1    wreg     enum E16881
  filter          4   26[BANK0 ] unsigned long 
  type            1   30[BANK0 ] enum E16844
 Auto vars:     Size  Location     Type
  numBuffer       1   35[BANK0 ] enum E16881
  tamp            4   36[BANK0 ] unsigned long 
 Return value:  Size  Location     Type
		None               void
 Registers used:
		wreg, status,2, status,0
 Tracked objects:
		On entry : 
		On exit  : 
		Unchanged: 
 Data sizes:     COMRAM   BANK0   BANK1   BANK2
      Params:         0       5       0       0
      Locals:         0       5       0       0
      Temps:          0       4       0       0
      Totals:         0      14       0       0
Total ram usage:       14 bytes
 Hardware stack levels used:    1
 Hardware stack levels required when called:    4
 This function calls:
		Nothing
 This function is called by:
		_CANInitialize
 This function uses a non-reentrant model


 *************** function _CANOperationMode *****************
 Defined at:
		line 206 in file "../../LaurTec_PIC_libraries_v_3.3.0/inc\CANlib.h"
 Parameters:    Size  Location     Type
  mode            1    wreg     enum E16838
 Auto vars:     Size  Location     Type
  mode            1   26[BANK0 ] enum E16838
 Return value:  Size  Location     Type
		None               void
 Registers used:
		wreg, status,2, status,0
 Tracked objects:
		On entry : 
		On exit  : 
		Unchanged: 
 Data sizes:     COMRAM   BANK0   BANK1   BANK2
      Params:         0       0       0       0
      Locals:         0       1       0       0
      Temps:          0       0       0       0
      Totals:         0       1       0       0
Total ram usage:        1 bytes
 Hardware stack levels used:    1
 Hardware stack levels required when called:    4
 This function calls:
		Nothing
 This function is called by:
		_CANInitialize
 This function uses a non-reentrant model


 *************** function _CANisTXwarningON *****************
 Defined at:
		line 1119 in file "../../LaurTec_PIC_libraries_v_3.3.0/inc\CANlib.h"
 Parameters:    Size  Location     Type
		None
 Auto vars:     Size  Location     Type
		None
 Return value:  Size  Location     Type
                  1    wreg      unsigned char 
 Registers used:
		wreg
 Tracked objects:
		On entry : 
		On exit  : 
		Unchanged: 
 Data sizes:     COMRAM   BANK0   BANK1   BANK2
      Params:         0       0       0       0
      Locals:         0       0       0       0
      Temps:          0       0       0       0
      Totals:         0       0       0       0
Total ram usage:        0 bytes
 Hardware stack levels used:    1
 Hardware stack levels required when called:    4
 This function calls:
		Nothing
 This function is called by:
		_main
 This function uses a non-reentrant model


 *************** function _CANisRXwarningON *****************
 Defined at:
		line 1127 in file "../../LaurTec_PIC_libraries_v_3.3.0/inc\CANlib.h"
 Parameters:    Size  Location     Type
		None
 Auto vars:     Size  Location     Type
		None
 Return value:  Size  Location     Type
                  1    wreg      unsigned char 
 Registers used:
		wreg
 Tracked objects:
		On entry : 
		On exit  : 
		Unchanged: 
 Data sizes:     COMRAM   BANK0   BANK1   BANK2
      Params:         0       0       0       0
      Locals:         0       0       0       0
      Temps:          0       0       0       0
      Totals:         0       0       0       0
Total ram usage:        0 bytes
 Hardware stack levels used:    1
 Hardware stack levels required when called:    4
 This function calls:
		Nothing
 This function is called by:
		_main
 This function uses a non-reentrant model


 *************** function _ADC_Read *****************
 Defined at:
		line 194 in file "ABS_Code.c"
 Parameters:    Size  Location     Type
		None
 Auto vars:     Size  Location     Type
		None
 Return value:  Size  Location     Type
		None               void
 Registers used:
		wreg, status,2, status,0, cstack
 Tracked objects:
		On entry : 
		On exit  : 
		Unchanged: 
 Data sizes:     COMRAM   BANK0   BANK1   BANK2
      Params:         0       0       0       0
      Locals:         0       0       0       0
      Temps:          0       0       0       0
      Totals:         0       0       0       0
Total ram usage:        0 bytes
 Hardware stack levels used:    1
 Hardware stack levels required when called:    5
 This function calls:
		___awdiv
 This function is called by:
		_main
 This function uses a non-reentrant model


 *************** function ___awdiv *****************
 Defined at:
		line 8 in file "C:\Program Files (x86)\Microchip\xc8\v1.35\sources\common\awdiv.c"
 Parameters:    Size  Location     Type
  dividend        2   26[BANK0 ] int 
  divisor         2   28[BANK0 ] int 
 Auto vars:     Size  Location     Type
  quotient        2   32[BANK0 ] int 
  sign            1   31[BANK0 ] unsigned char 
  counter         1   30[BANK0 ] unsigned char 
 Return value:  Size  Location     Type
                  2   26[BANK0 ] int 
 Registers used:
		wreg, status,2, status,0
 Tracked objects:
		On entry : 
		On exit  : 
		Unchanged: 
 Data sizes:     COMRAM   BANK0   BANK1   BANK2
      Params:         0       4       0       0
      Locals:         0       4       0       0
      Temps:          0       0       0       0
      Totals:         0       8       0       0
Total ram usage:        8 bytes
 Hardware stack levels used:    1
 Hardware stack levels required when called:    4
 This function calls:
		Nothing
 This function is called by:
		_main
		_ADC_Read
 This function uses a non-reentrant model


 *************** function _ISR_Bassa *****************
 Defined at:
		line 117 in file "ABS_Code.c"
 Parameters:    Size  Location     Type
		None
 Auto vars:     Size  Location     Type
		None
 Return value:  Size  Location     Type
		None               void
 Registers used:
		wreg, fsr2l, fsr2h, status,2, status,0, cstack
 Tracked objects:
		On entry : 
		On exit  : 
		Unchanged: 
 Data sizes:     COMRAM   BANK0   BANK1   BANK2
      Params:         0       0       0       0
      Locals:         0       0       0       0
      Temps:         17       0       0       0
      Totals:        17       0       0       0
Total ram usage:       17 bytes
 Hardware stack levels used:    1
 Hardware stack levels required when called:    3
 This function calls:
		_CANisRxReady
		_CANreceiveMessage
 This function is called by:
		Interrupt level 1
 This function uses a non-reentrant model


 *************** function _CANreceiveMessage *****************
 Defined at:
		line 528 in file "../../LaurTec_PIC_libraries_v_3.3.0/inc\CANlib.h"
 Parameters:    Size  Location     Type
  msg             2    0[COMRAM] PTR struct .
		 -> msg(15), 
 Auto vars:     Size  Location     Type
  tamp            1   11[COMRAM] unsigned char 
  error           1   10[COMRAM] unsigned char 
 Return value:  Size  Location     Type
                  1    wreg      unsigned char 
 Registers used:
		wreg, fsr2l, fsr2h, status,2, status,0
 Tracked objects:
		On entry : 
		On exit  : 
		Unchanged: 
 Data sizes:     COMRAM   BANK0   BANK1   BANK2
      Params:         2       0       0       0
      Locals:         2       0       0       0
      Temps:          8       0       0       0
      Totals:        12       0       0       0
Total ram usage:       12 bytes
 Hardware stack levels used:    1
 Hardware stack levels required when called:    2
 This function calls:
		Nothing
 This function is called by:
		_ISR_Bassa
 This function uses a non-reentrant model


 *************** function _CANisRxReady *****************
 Defined at:
		line 1163 in file "../../LaurTec_PIC_libraries_v_3.3.0/inc\CANlib.h"
 Parameters:    Size  Location     Type
		None
 Auto vars:     Size  Location     Type
		None
 Return value:  Size  Location     Type
                  1    wreg      unsigned char 
 Registers used:
		wreg, status,2
 Tracked objects:
		On entry : 
		On exit  : 
		Unchanged: 
 Data sizes:     COMRAM   BANK0   BANK1   BANK2
      Params:         0       0       0       0
      Locals:         1       0       0       0
      Temps:          0       0       0       0
      Totals:         1       0       0       0
Total ram usage:        1 bytes
 Hardware stack levels used:    1
 Hardware stack levels required when called:    2
 This function calls:
		Nothing
 This function is called by:
		_ISR_Bassa
 This function uses a non-reentrant model


 *************** function _ISR_Alta *****************
 Defined at:
		line 94 in file "ABS_Code.c"
 Parameters:    Size  Location     Type
		None
 Auto vars:     Size  Location     Type
		None
 Return value:  Size  Location     Type
		None               void
 Registers used:
		wreg, status,2, status,0, prodl, prodh, cstack
 Tracked objects:
		On entry : 
		On exit  : 
		Unchanged: 
 Data sizes:     COMRAM   BANK0   BANK1   BANK2
      Params:         0       0       0       0
      Locals:         0       0       0       0
      Temps:          0      22       0       0
      Totals:         0      22       0       0
Total ram usage:       22 bytes
 Hardware stack levels used:    1
 Hardware stack levels required when called:    1
 This function calls:
		_WriteTimer0
		i2___awdiv
		i2___wmul
 This function is called by:
		Interrupt level 2
 This function uses a non-reentrant model


 *************** function i2___wmul *****************
 Defined at:
		line 15 in file "C:\Program Files (x86)\Microchip\xc8\v1.35\sources\common\Umul16.c"
 Parameters:    Size  Location     Type
  multiplier      2   29[COMRAM] unsigned int 
  multiplicand    2   31[COMRAM] unsigned int 
 Auto vars:     Size  Location     Type
  __wmul          2   33[COMRAM] unsigned int 
 Return value:  Size  Location     Type
                  2   29[COMRAM] unsigned int 
 Registers used:
		wreg, status,2, status,0, prodl, prodh
 Tracked objects:
		On entry : 
		On exit  : 
		Unchanged: 
 Data sizes:     COMRAM   BANK0   BANK1   BANK2
      Params:         4       0       0       0
      Locals:         2       0       0       0
      Temps:          0       0       0       0
      Totals:         6       0       0       0
Total ram usage:        6 bytes
 Hardware stack levels used:    1
 This function calls:
		Nothing
 This function is called by:
		_ISR_Alta
 This function uses a non-reentrant model


 *************** function i2___awdiv *****************
 Defined at:
		line 8 in file "C:\Program Files (x86)\Microchip\xc8\v1.35\sources\common\awdiv.c"
 Parameters:    Size  Location     Type
  dividend        2   35[COMRAM] int 
  divisor         2   37[COMRAM] int 
 Auto vars:     Size  Location     Type
  __awdiv         2    2[BANK0 ] int 
  __awdiv         1    1[BANK0 ] unsigned char 
  __awdiv         1    0[BANK0 ] unsigned char 
 Return value:  Size  Location     Type
                  2   35[COMRAM] int 
 Registers used:
		wreg, status,2, status,0
 Tracked objects:
		On entry : 
		On exit  : 
		Unchanged: 
 Data sizes:     COMRAM   BANK0   BANK1   BANK2
      Params:         4       0       0       0
      Locals:         0       4       0       0
      Temps:          0       0       0       0
      Totals:         4       4       0       0
Total ram usage:        8 bytes
 Hardware stack levels used:    1
 This function calls:
		Nothing
 This function is called by:
		_ISR_Alta
 This function uses a non-reentrant model


 *************** function _WriteTimer0 *****************
 Defined at:
		line 16 in file "C:\Program Files (x86)\Microchip\xc8\v1.35\sources\pic18\plib\Timers\t0write.c"
 Parameters:    Size  Location     Type
  timer0          2   29[COMRAM] unsigned int 
 Auto vars:     Size  Location     Type
  timer           2   31[COMRAM] struct Timers
 Return value:  Size  Location     Type
		None               void
 Registers used:
		None
 Tracked objects:
		On entry : 
		On exit  : 
		Unchanged: 
 Data sizes:     COMRAM   BANK0   BANK1   BANK2
      Params:         2       0       0       0
      Locals:         2       0       0       0
      Temps:          0       0       0       0
      Totals:         4       0       0       0
Total ram usage:        4 bytes
 Hardware stack levels used:    1
 This function calls:
		Nothing
 This function is called by:
		_ISR_Alta
 This function uses a non-reentrant model



MODULE INFORMATION

Module		Function		Class		Link	Load	Size
C:\Program Files (x86)\Microchip\xc8\v1.35\sources\common\awdiv.c
		___awdiv       		CODE           	1FC8	0000	191

C:\Program Files (x86)\Microchip\xc8\v1.35\sources\common\awdiv.c estimated size: 191

ABS_Code.c
		_ISR_Bassa     		CODE           	0018	0000	223
		_main          		CODE           	2086	0000	187
		_board_initialization		CODE           	2140	0000	167
		_ISR_Alta      		CODE           	0008	0000	475
		_ADC_Read      		CODE           	232C	0000	63
		_status_ok     		CODE           	2282	0000	99

ABS_Code.c estimated size: 1214

../../LaurTec_PIC_libraries_v_3.3.0/src\delay.c
		_delay_ms      		CODE           	236A	0000	59

../../LaurTec_PIC_libraries_v_3.3.0/src\delay.c estimated size: 59

shared
		i2___awdiv     		CODE           	21E6	0000	157
		i2___wmul      		CODE           	23DA	0000	39
		__initialization		CODE           	22E4	0000	59

shared estimated size: 255

../../LaurTec_PIC_libraries_v_3.3.0/inc\CANlib.h
		_CANisRXwarningON		CODE           	246E	0000	13
		_CANSetFilter  		CODE           	00FA	0000	2823
		_CANisRxReady  		CODE           	243A	0000	23
		_CANreceiveMessage		CODE           	138C	0000	1293
		_CANisTXwarningON		CODE           	2462	0000	13
		_CANsendMessage		CODE           	0C00	0000	1933
		_CANInitialize 		CODE           	1E02	0000	455
		_CANOperationMode		CODE           	2424	0000	23
		_CANisTxReady  		CODE           	2400	0000	37
		_CANSetMask    		CODE           	1898	0000	927

../../LaurTec_PIC_libraries_v_3.3.0/inc\CANlib.h estimated size: 7540

C:\Program Files (x86)\Microchip\xc8\v1.35\sources\pic18\plib\Timers\t0write.c
		_WriteTimer0   		CODE           	2450	0000	19

C:\Program Files (x86)\Microchip\xc8\v1.35\sources\pic18\plib\Timers\t0write.c estimated size: 19

C:\Program Files (x86)\Microchip\xc8\v1.35\sources\common\Umul16.c
		___wmul        		CODE           	23A4	0000	55

C:\Program Files (x86)\Microchip\xc8\v1.35\sources\common\Umul16.c estimated size: 55

